ðŸŒŸ This was machine generated.  Do not edit. ðŸŒŸ

Frame[0] 
Name: 
Dimensions: 2 Fields by 2 Rows
+-------------------+----------------------------------------------------------+
| Name: Key         | Name: Value                                              |
| Labels:           | Labels:                                                  |
| Type: []*string   | Type: []*string                                          |
+-------------------+----------------------------------------------------------+
| manufacturer_page | https://console.aws.amazon.com/iottwinmaker/home         |
| mixer1_manual     | https://github.com/aws-samples/aws-iot-twinmaker-samples |
+-------------------+----------------------------------------------------------+


====== TEST DATA RESPONSE (arrow base64) ======
FRAME=QVJST1cxAAD/////uAEAABAAAAAAAAoADgAMAAsABAAKAAAAFAAAAAAAAAEEAAoADAAAAAgABAAKAAAACAAAAFAAAAACAAAAKAAAAAQAAADE/v//CAAAAAwAAAAAAAAAAAAAAAUAAAByZWZJZAAAAOT+//8IAAAADAAAAAAAAAAAAAAABAAAAG5hbWUAAAAAAgAAANgAAAAEAAAAQv///xQAAACkAAAApAAAAAAABQGgAAAAAgAAACwAAAAEAAAANP///wgAAAAQAAAABQAAAFZhbHVlAAAABAAAAG5hbWUAAAAAWP///wgAAABQAAAARwAAAHsibGlua3MiOlt7InRpdGxlIjoiTGluayIsInRhcmdldEJsYW5rIjp0cnVlLCJ1cmwiOiIke19fdmFsdWUudGV4dH0ifV19AAYAAABjb25maWcAAAAAAACU////BQAAAFZhbHVlABIAGAAUABMAEgAMAAAACAAEABIAAAAUAAAAQAAAAEQAAAAAAAUBQAAAAAEAAAAMAAAACAAMAAgABAAIAAAACAAAAAwAAAADAAAAS2V5AAQAAABuYW1lAAAAAAAAAAAEAAQABAAAAAMAAABLZXkA/////9gAAAAUAAAAAAAAAAwAFgAUABMADAAEAAwAAACoAAAAAAAAABQAAAAAAAADBAAKABgADAAIAAQACgAAABQAAAB4AAAAAgAAAAAAAAAAAAAABgAAAAAAAAAAAAAAAAAAAAAAAAAAAAAAAAAAAAwAAAAAAAAAEAAAAAAAAAAeAAAAAAAAADAAAAAAAAAAAAAAAAAAAAAwAAAAAAAAAAwAAAAAAAAAQAAAAAAAAABoAAAAAAAAAAAAAAACAAAAAgAAAAAAAAAAAAAAAAAAAAIAAAAAAAAAAAAAAAAAAAAAAAAAEQAAAB4AAAAAAAAAbWFudWZhY3R1cmVyX3BhZ2VtaXhlcjFfbWFudWFsAAAAAAAAMAAAAGgAAAAAAAAAaHR0cHM6Ly9jb25zb2xlLmF3cy5hbWF6b24uY29tL2lvdHR3aW5tYWtlci9ob21laHR0cHM6Ly9naXRodWIuY29tL2F3cy1zYW1wbGVzL2F3cy1pb3QtdHdpbm1ha2VyLXNhbXBsZXMQAAAADAAUABIADAAIAAQADAAAABAAAAAsAAAAPAAAAAAABAABAAAAyAEAAAAAAADgAAAAAAAAAKgAAAAAAAAAAAAAAAAAAAAAAAAAAAAKAAwAAAAIAAQACgAAAAgAAABQAAAAAgAAACgAAAAEAAAAxP7//wgAAAAMAAAAAAAAAAAAAAAFAAAAcmVmSWQAAADk/v//CAAAAAwAAAAAAAAAAAAAAAQAAABuYW1lAAAAAAIAAADYAAAABAAAAEL///8UAAAApAAAAKQAAAAAAAUBoAAAAAIAAAAsAAAABAAAADT///8IAAAAEAAAAAUAAABWYWx1ZQAAAAQAAABuYW1lAAAAAFj///8IAAAAUAAAAEcAAAB7ImxpbmtzIjpbeyJ0aXRsZSI6IkxpbmsiLCJ0YXJnZXRCbGFuayI6dHJ1ZSwidXJsIjoiJHtfX3ZhbHVlLnRleHR9In1dfQAGAAAAY29uZmlnAAAAAAAAlP///wUAAABWYWx1ZQASABgAFAATABIADAAAAAgABAASAAAAFAAAAEAAAABEAAAAAAAFAUAAAAABAAAADAAAAAgADAAIAAQACAAAAAgAAAAMAAAAAwAAAEtleQAEAAAAbmFtZQAAAAAAAAAABAAEAAQAAAADAAAAS2V5AOgBAABBUlJPVzE=
