ðŸŒŸ This was machine generated.  Do not edit. ðŸŒŸ

Frame[0] {
    "custom": {}
}
Name: 
Dimensions: 2 Fields by 144 Rows
+-----------------------------------------------------------------------------------------------+-------------------------------+
| Name: alarm_status                                                                            | Name: Time                    |
| Labels: componentName=AlarmComponent, entityId=WaterTank_ab5e8bc0-5c8f-44d8-b0a9-bef9c8d2cfab | Labels:                       |
| Type: []*string                                                                               | Type: []*time.Time            |
+-----------------------------------------------------------------------------------------------+-------------------------------+
| ACTIVE                                                                                        | 2022-04-27 17:50:00 +0000 UTC |
| ACTIVE                                                                                        | 2022-04-27 17:49:46 +0000 UTC |
| ACTIVE                                                                                        | 2022-04-27 17:49:35 +0000 UTC |
| ACTIVE                                                                                        | 2022-04-27 17:49:21 +0000 UTC |
| ACTIVE                                                                                        | 2022-04-27 17:49:09 +0000 UTC |
| ACTIVE                                                                                        | 2022-04-27 17:48:55 +0000 UTC |
| ACTIVE                                                                                        | 2022-04-27 17:48:44 +0000 UTC |
| ACTIVE                                                                                        | 2022-04-27 17:48:30 +0000 UTC |
| ACTIVE                                                                                        | 2022-04-27 17:48:19 +0000 UTC |
| ...                                                                                           | ...                           |
+-----------------------------------------------------------------------------------------------+-------------------------------+



Frame[1] {
    "custom": {}
}
Name: 
Dimensions: 2 Fields by 1 Rows
+---------------------------------------------------------------------------------------------+-------------------------------+
| Name: alarm_status                                                                          | Name: Time                    |
| Labels: componentName=AlarmComponent, entityId=Mixer_0_cd81d9fd-3f74-437a-802b-9747ff240837 | Labels:                       |
| Type: []*string                                                                             | Type: []*time.Time            |
+---------------------------------------------------------------------------------------------+-------------------------------+
| ACTIVE                                                                                      | 2022-04-27 17:19:42 +0000 UTC |
+---------------------------------------------------------------------------------------------+-------------------------------+



Frame[2] {
    "custom": {}
}
Name: 
Dimensions: 2 Fields by 1 Rows
+---------------------------------------------------------------------------------------------+-------------------------------+
| Name: alarm_status                                                                          | Name: Time                    |
| Labels: componentName=AlarmComponent, entityId=Mixer_4_784b3c3e-5779-4ca1-ad0b-036b18dd1fcc | Labels:                       |
| Type: []*string                                                                             | Type: []*time.Time            |
+---------------------------------------------------------------------------------------------+-------------------------------+
| ACTIVE                                                                                      | 2022-04-27 17:19:42 +0000 UTC |
+---------------------------------------------------------------------------------------------+-------------------------------+



Frame[3] {
    "custom": {}
}
Name: 
Dimensions: 2 Fields by 1 Rows
+----------------------------------------------------------------------------------------------+-------------------------------+
| Name: alarm_status                                                                           | Name: Time                    |
| Labels: componentName=AlarmComponent, entityId=Mixer_10_9ee8913d-1fef-4453-beee-fbfc147fc03c | Labels:                       |
| Type: []*string                                                                              | Type: []*time.Time            |
+----------------------------------------------------------------------------------------------+-------------------------------+
| ACTIVE                                                                                       | 2022-04-27 17:19:42 +0000 UTC |
+----------------------------------------------------------------------------------------------+-------------------------------+


====== TEST DATA RESPONSE (arrow base64) ======
FRAME=QVJST1cxAAD/////KAIAABAAAAAAAAoADgAMAAsABAAKAAAAFAAAAAAAAAEEAAoADAAAAAgABAAKAAAACAAAAIAAAAADAAAATAAAACgAAAAEAAAAxP7//wgAAAAMAAAAAAAAAAAAAAAFAAAAcmVmSWQAAADk/v//CAAAAAwAAAAAAAAAAAAAAAQAAABuYW1lAAAAAAT///8IAAAAGAAAAA0AAAB7ImN1c3RvbSI6e319AAAABAAAAG1ldGEAAAAAAgAAAHwAAAAEAAAAnv///xQAAAA8AAAARAAAAAAACgFEAAAAAQAAAAQAAABc////CAAAABAAAAAEAAAAVGltZQAAAAAEAAAAbmFtZQAAAAAAAAAAAAAGAAgABgAGAAAAAAADAAQAAABUaW1lAAASABgAFAATABIADAAAAAgABAASAAAAFAAAAMwAAADQAAAAAAAFAcwAAAACAAAAPAAAAAQAAADU////CAAAABgAAAAMAAAAYWxhcm1fc3RhdHVzAAAAAAQAAABuYW1lAAAAAAgADAAIAAQACAAAAAgAAABoAAAAXgAAAHsiY29tcG9uZW50TmFtZSI6IkFsYXJtQ29tcG9uZW50IiwiZW50aXR5SWQiOiJXYXRlclRhbmtfYWI1ZThiYzAtNWM4Zi00NGQ4LWIwYTktYmVmOWM4ZDJjZmFiIn0AAAYAAABsYWJlbHMAAAAAAAAEAAQABAAAAAwAAABhbGFybV9zdGF0dXMAAAAAAAAAAP/////IAAAAFAAAAAAAAAAMABYAFAATAAwABAAMAAAAKAoAAAAAAAAUAAAAAAAAAwQACgAYAAwACAAEAAoAAAAUAAAAaAAAAJAAAAAAAAAAAAAAAAUAAAAAAAAAAAAAAAAAAAAAAAAAAAAAAAAAAABEAgAAAAAAAEgCAAAAAAAAYAMAAAAAAACoBQAAAAAAAAAAAAAAAAAAqAUAAAAAAACABAAAAAAAAAAAAAACAAAAkAAAAAAAAAAAAAAAAAAAAJAAAAAAAAAAAAAAAAAAAAAAAAAABgAAAAwAAAASAAAAGAAAAB4AAAAkAAAAKgAAADAAAAA2AAAAPAAAAEIAAABIAAAATgAAAFQAAABaAAAAYAAAAGYAAABsAAAAcgAAAHgAAAB+AAAAhAAAAIoAAACQAAAAlgAAAJwAAACiAAAAqAAAAK4AAAC0AAAAugAAAMAAAADGAAAAzAAAANIAAADYAAAA3gAAAOQAAADqAAAA8AAAAPYAAAD8AAAAAgEAAAgBAAAOAQAAFAEAABoBAAAgAQAAJgEAACwBAAAyAQAAOAEAAD4BAABEAQAASgEAAFABAABWAQAAXAEAAGIBAABoAQAAbgEAAHQBAAB6AQAAgAEAAIYBAACMAQAAkgEAAJgBAACeAQAApAEAAKoBAACwAQAAtgEAALwBAADCAQAAyAEAAM4BAADUAQAA2gEAAOABAADmAQAA7AEAAPIBAAD4AQAA/gEAAAQCAAAKAgAAEAIAABYCAAAcAgAAIgIAACgCAAAuAgAANAIAADoCAABAAgAARgIAAEwCAABSAgAAWAIAAF4CAABkAgAAagIAAHACAAB2AgAAfAIAAIICAACIAgAAjgIAAJQCAACaAgAAoAIAAKYCAACsAgAAsgIAALgCAAC+AgAAxAIAAMoCAADQAgAA1gIAANwCAADiAgAA6AIAAO4CAAD0AgAA+gIAAAADAAAGAwAADAMAABIDAAAYAwAAHgMAACQDAAAqAwAAMAMAADYDAAA8AwAAQgMAAEgDAABOAwAAVAMAAFoDAABgAwAAAAAAAEFDVElWRUFDVElWRUFDVElWRUFDVElWRUFDVElWRUFDVElWRUFDVElWRUFDVElWRUFDVElWRUFDVElWRUFDVElWRUFDVElWRUFDVElWRUFDVElWRUFDVElWRUFDVElWRUFDVElWRUFDVElWRUFDVElWRUFDVElWRUFDVElWRUFDVElWRUFDVElWRUFDVElWRUFDVElWRUFDVElWRUFDVElWRUFDVElWRUFDVElWRUFDVElWRUFDVElWRUFDVElWRUFDVElWRUFDVElWRUFDVElWRUFDVElWRUFDVElWRUFDVElWRUFDVElWRUFDVElWRUFDVElWRUFDVElWRUFDVElWRUFDVElWRUFDVElWRUFDVElWRUFDVElWRUFDVElWRUFDVElWRUFDVElWRUFDVElWRUFDVElWRUFDVElWRUFDVElWRUFDVElWRUFDVElWRUFDVElWRUFDVElWRUFDVElWRUFDVElWRUFDVElWRUFDVElWRUFDVElWRUFDVElWRUFDVElWRUFDVElWRUFDVElWRUFDVElWRUFDVElWRUFDVElWRUFDVElWRUFDVElWRUFDVElWRUFDVElWRUFDVElWRUFDVElWRUFDVElWRUFDVElWRUFDVElWRUFDVElWRUFDVElWRUFDVElWRUFDVElWRUFDVElWRUFDVElWRUFDVElWRUFDVElWRUFDVElWRUFDVElWRUFDVElWRUFDVElWRUFDVElWRUFDVElWRUFDVElWRUFDVElWRUFDVElWRUFDVElWRUFDVElWRUFDVElWRUFDVElWRUFDVElWRUFDVElWRUFDVElWRUFDVElWRUFDVElWRUFDVElWRUFDVElWRUFDVElWRUFDVElWRUFDVElWRUFDVElWRUFDVElWRUFDVElWRUFDVElWRUFDVElWRUFDVElWRUFDVElWRUFDVElWRUFDVElWRUFDVElWRUFDVElWRUFDVElWRUFDVElWRUFDVElWRUFDVElWRUFDVElWRUFDVElWRUFDVElWRUFDVElWRUFDVElWRUFDVElWRUFDVElWRUFDVElWRUFDVElWRUFDVElWRUFDVElWRUFDVElWRUFDVElWRUFDVElWRUFDVElWRUFDVElWRUFDVElWRUFDVElWRUFDVElWRQDQHDgm0ukWAMSl9SLS6RYAFv9lINLpFgAKiCMd0ukWAJJGWBrS6RYAhs8VF9LpFgDYKIYU0ukWAMyxQxHS6RYAHgu0DtLpFgASlHEL0ukWAGTt4QjS6RYAjttjBdLpFgDgNNQC0ukWANS9kf/R6RYAJhcC/dHpFgAaoL/50ekWAGz5L/fR6RYAYILt89HpFgDoQCLx0ekWANzJ3+3R6RYALiNQ69HpFgAirA3o0ekWAHQFfuXR6RYAaI474tHpFgC656vf0ekWAK5wadzR6RYANi+e2dHpFgAquFvW0ekWAHwRzNPR6RYAcJqJ0NHpFgDC8/nN0ekWALZ8t8rR6RYAPjvsx9HpFgAyxKnE0ekWAIQdGsLR6RYAeKbXvtHpFgDK/0e80ekWAL6IBbnR6RYAEOJ1ttHpFgAEazOz0ekWAIwpaLDR6RYAgLIlrdHpFgDSC5aq0ekWAMaUU6fR6RYAGO7DpNHpFgAMd4Gh0ekWAF7Q8Z7R6RYAiL5zm9HpFgDaF+SY0ekWAM6goZXR6RYAIPoRk9HpFgAUg8+P0ekWAGbcP43R6RYAWmX9idHpFgDiIzKH0ekWANas74PR6RYAKAZggdHpFgAcjx1+0ekWAG7ojXvR6RYAYnFLeNHpFgC0yrt10ekWAKhTeXLR6RYAMBKub9HpFgAkm2ts0ekWAHb022nR6RYAan2ZZtHpFgC81glk0ekWALBfx2DR6RYAOB78XdHpFgAsp7la0ekWAH4AKljR6RYAconnVNHpFgDE4ldS0ekWALhrFU/R6RYACsWFTNHpFgD+TUNJ0ekWAIYMeEbR6RYAepU1Q9HpFgDM7qVA0ekWAMB3Yz3R6RYAEtHTOtHpFgAGWpE30ekWAI4YxjTR6RYAgqGDMdHpFgDU+vMu0ekWAMiDsSvR6RYAGt0hKdHpFgAOZt8l0ekWAGC/TyPR6RYAVEgNINHpFgDcBkId0ekWANCP/xnR6RYAIulvF9HpFgAWci0U0ekWAGjLnRHR6RYAXFRbDtHpFgCurcsL0ekWANibTQjR6RYAKvW9BdHpFgAefnsC0ekWAHDX6//Q6RYAZGCp/NDpFgC2uRn60OkWAKpC1/bQ6RYAMgEM9NDpFgAmisnw0OkWAHjjOe7Q6RYAbGz36tDpFgC+xWfo0OkWALJOJeXQ6RYABKiV4tDpFgD4MFPf0OkWAIDvh9zQ6RYAdHhF2dDpFgDG0bXW0OkWALpac9PQ6RYADLTj0NDpFgAAPaHN0OkWAIj71crQ6RYAfISTx9DpFgDO3QPF0OkWAMJmwcHQ6RYAFMAxv9DpFgAISe+70OkWAFqiX7nQ6RYATisdttDpFgDW6VGz0OkWAMpyD7DQ6RYAHMx/rdDpFgAQVT2q0OkWAGKurafQ6RYAVjdrpNDpFgCokNuh0OkWANJ+XZ7Q6RYAJNjNm9DpFgAYYYuY0OkWAGq6+5XQ6RYAXkO5ktDpFgCwnCmQ0OkWAKQl54zQ6RYALOQbitDpFgAgbdmG0OkWAHLGSYTQ6RYAZk8HgdDpFhAAAAAMABQAEgAMAAgABAAMAAAAEAAAACwAAAA4AAAAAAAEAAEAAAA4AgAAAAAAANAAAAAAAAAAKAoAAAAAAAAAAAAAAAAAAAAACgAMAAAACAAEAAoAAAAIAAAAgAAAAAMAAABMAAAAKAAAAAQAAADE/v//CAAAAAwAAAAAAAAAAAAAAAUAAAByZWZJZAAAAOT+//8IAAAADAAAAAAAAAAAAAAABAAAAG5hbWUAAAAABP///wgAAAAYAAAADQAAAHsiY3VzdG9tIjp7fX0AAAAEAAAAbWV0YQAAAAACAAAAfAAAAAQAAACe////FAAAADwAAABEAAAAAAAKAUQAAAABAAAABAAAAFz///8IAAAAEAAAAAQAAABUaW1lAAAAAAQAAABuYW1lAAAAAAAAAAAAAAYACAAGAAYAAAAAAAMABAAAAFRpbWUAABIAGAAUABMAEgAMAAAACAAEABIAAAAUAAAAzAAAANAAAAAAAAUBzAAAAAIAAAA8AAAABAAAANT///8IAAAAGAAAAAwAAABhbGFybV9zdGF0dXMAAAAABAAAAG5hbWUAAAAACAAMAAgABAAIAAAACAAAAGgAAABeAAAAeyJjb21wb25lbnROYW1lIjoiQWxhcm1Db21wb25lbnQiLCJlbnRpdHlJZCI6IldhdGVyVGFua19hYjVlOGJjMC01YzhmLTQ0ZDgtYjBhOS1iZWY5YzhkMmNmYWIifQAABgAAAGxhYmVscwAAAAAAAAQABAAEAAAADAAAAGFsYXJtX3N0YXR1cwAAAABQAgAAQVJST1cx
FRAME=QVJST1cxAAD/////KAIAABAAAAAAAAoADgAMAAsABAAKAAAAFAAAAAAAAAEEAAoADAAAAAgABAAKAAAACAAAAIAAAAADAAAATAAAACgAAAAEAAAAxP7//wgAAAAMAAAAAAAAAAAAAAAFAAAAcmVmSWQAAADk/v//CAAAAAwAAAAAAAAAAAAAAAQAAABuYW1lAAAAAAT///8IAAAAGAAAAA0AAAB7ImN1c3RvbSI6e319AAAABAAAAG1ldGEAAAAAAgAAAHwAAAAEAAAAnv///xQAAAA8AAAARAAAAAAACgFEAAAAAQAAAAQAAABc////CAAAABAAAAAEAAAAVGltZQAAAAAEAAAAbmFtZQAAAAAAAAAAAAAGAAgABgAGAAAAAAADAAQAAABUaW1lAAASABgAFAATABIADAAAAAgABAASAAAAFAAAAMwAAADQAAAAAAAFAcwAAAACAAAAPAAAAAQAAADU////CAAAABgAAAAMAAAAYWxhcm1fc3RhdHVzAAAAAAQAAABuYW1lAAAAAAgADAAIAAQACAAAAAgAAABoAAAAXAAAAHsiY29tcG9uZW50TmFtZSI6IkFsYXJtQ29tcG9uZW50IiwiZW50aXR5SWQiOiJNaXhlcl8wX2NkODFkOWZkLTNmNzQtNDM3YS04MDJiLTk3NDdmZjI0MDgzNyJ9AAAAAAYAAABsYWJlbHMAAAAAAAAEAAQABAAAAAwAAABhbGFybV9zdGF0dXMAAAAAAAAAAP/////IAAAAFAAAAAAAAAAMABYAFAATAAwABAAMAAAAGAAAAAAAAAAUAAAAAAAAAwQACgAYAAwACAAEAAoAAAAUAAAAaAAAAAEAAAAAAAAAAAAAAAUAAAAAAAAAAAAAAAAAAAAAAAAAAAAAAAAAAAAIAAAAAAAAAAgAAAAAAAAABgAAAAAAAAAQAAAAAAAAAAAAAAAAAAAAEAAAAAAAAAAIAAAAAAAAAAAAAAACAAAAAQAAAAAAAAAAAAAAAAAAAAEAAAAAAAAAAAAAAAAAAAAAAAAABgAAAEFDVElWRQAAAEze7n7Q6RYQAAAADAAUABIADAAIAAQADAAAABAAAAAsAAAAOAAAAAAABAABAAAAOAIAAAAAAADQAAAAAAAAABgAAAAAAAAAAAAAAAAAAAAAAAoADAAAAAgABAAKAAAACAAAAIAAAAADAAAATAAAACgAAAAEAAAAxP7//wgAAAAMAAAAAAAAAAAAAAAFAAAAcmVmSWQAAADk/v//CAAAAAwAAAAAAAAAAAAAAAQAAABuYW1lAAAAAAT///8IAAAAGAAAAA0AAAB7ImN1c3RvbSI6e319AAAABAAAAG1ldGEAAAAAAgAAAHwAAAAEAAAAnv///xQAAAA8AAAARAAAAAAACgFEAAAAAQAAAAQAAABc////CAAAABAAAAAEAAAAVGltZQAAAAAEAAAAbmFtZQAAAAAAAAAAAAAGAAgABgAGAAAAAAADAAQAAABUaW1lAAASABgAFAATABIADAAAAAgABAASAAAAFAAAAMwAAADQAAAAAAAFAcwAAAACAAAAPAAAAAQAAADU////CAAAABgAAAAMAAAAYWxhcm1fc3RhdHVzAAAAAAQAAABuYW1lAAAAAAgADAAIAAQACAAAAAgAAABoAAAAXAAAAHsiY29tcG9uZW50TmFtZSI6IkFsYXJtQ29tcG9uZW50IiwiZW50aXR5SWQiOiJNaXhlcl8wX2NkODFkOWZkLTNmNzQtNDM3YS04MDJiLTk3NDdmZjI0MDgzNyJ9AAAAAAYAAABsYWJlbHMAAAAAAAAEAAQABAAAAAwAAABhbGFybV9zdGF0dXMAAAAAUAIAAEFSUk9XMQ==
FRAME=QVJST1cxAAD/////KAIAABAAAAAAAAoADgAMAAsABAAKAAAAFAAAAAAAAAEEAAoADAAAAAgABAAKAAAACAAAAIAAAAADAAAATAAAACgAAAAEAAAAxP7//wgAAAAMAAAAAAAAAAAAAAAFAAAAcmVmSWQAAADk/v//CAAAAAwAAAAAAAAAAAAAAAQAAABuYW1lAAAAAAT///8IAAAAGAAAAA0AAAB7ImN1c3RvbSI6e319AAAABAAAAG1ldGEAAAAAAgAAAHwAAAAEAAAAnv///xQAAAA8AAAARAAAAAAACgFEAAAAAQAAAAQAAABc////CAAAABAAAAAEAAAAVGltZQAAAAAEAAAAbmFtZQAAAAAAAAAAAAAGAAgABgAGAAAAAAADAAQAAABUaW1lAAASABgAFAATABIADAAAAAgABAASAAAAFAAAAMwAAADQAAAAAAAFAcwAAAACAAAAPAAAAAQAAADU////CAAAABgAAAAMAAAAYWxhcm1fc3RhdHVzAAAAAAQAAABuYW1lAAAAAAgADAAIAAQACAAAAAgAAABoAAAAXAAAAHsiY29tcG9uZW50TmFtZSI6IkFsYXJtQ29tcG9uZW50IiwiZW50aXR5SWQiOiJNaXhlcl80Xzc4NGIzYzNlLTU3NzktNGNhMS1hZDBiLTAzNmIxOGRkMWZjYyJ9AAAAAAYAAABsYWJlbHMAAAAAAAAEAAQABAAAAAwAAABhbGFybV9zdGF0dXMAAAAAAAAAAP/////IAAAAFAAAAAAAAAAMABYAFAATAAwABAAMAAAAGAAAAAAAAAAUAAAAAAAAAwQACgAYAAwACAAEAAoAAAAUAAAAaAAAAAEAAAAAAAAAAAAAAAUAAAAAAAAAAAAAAAAAAAAAAAAAAAAAAAAAAAAIAAAAAAAAAAgAAAAAAAAABgAAAAAAAAAQAAAAAAAAAAAAAAAAAAAAEAAAAAAAAAAIAAAAAAAAAAAAAAACAAAAAQAAAAAAAAAAAAAAAAAAAAEAAAAAAAAAAAAAAAAAAAAAAAAABgAAAEFDVElWRQAAAEze7n7Q6RYQAAAADAAUABIADAAIAAQADAAAABAAAAAsAAAAOAAAAAAABAABAAAAOAIAAAAAAADQAAAAAAAAABgAAAAAAAAAAAAAAAAAAAAAAAoADAAAAAgABAAKAAAACAAAAIAAAAADAAAATAAAACgAAAAEAAAAxP7//wgAAAAMAAAAAAAAAAAAAAAFAAAAcmVmSWQAAADk/v//CAAAAAwAAAAAAAAAAAAAAAQAAABuYW1lAAAAAAT///8IAAAAGAAAAA0AAAB7ImN1c3RvbSI6e319AAAABAAAAG1ldGEAAAAAAgAAAHwAAAAEAAAAnv///xQAAAA8AAAARAAAAAAACgFEAAAAAQAAAAQAAABc////CAAAABAAAAAEAAAAVGltZQAAAAAEAAAAbmFtZQAAAAAAAAAAAAAGAAgABgAGAAAAAAADAAQAAABUaW1lAAASABgAFAATABIADAAAAAgABAASAAAAFAAAAMwAAADQAAAAAAAFAcwAAAACAAAAPAAAAAQAAADU////CAAAABgAAAAMAAAAYWxhcm1fc3RhdHVzAAAAAAQAAABuYW1lAAAAAAgADAAIAAQACAAAAAgAAABoAAAAXAAAAHsiY29tcG9uZW50TmFtZSI6IkFsYXJtQ29tcG9uZW50IiwiZW50aXR5SWQiOiJNaXhlcl80Xzc4NGIzYzNlLTU3NzktNGNhMS1hZDBiLTAzNmIxOGRkMWZjYyJ9AAAAAAYAAABsYWJlbHMAAAAAAAAEAAQABAAAAAwAAABhbGFybV9zdGF0dXMAAAAAUAIAAEFSUk9XMQ==
FRAME=QVJST1cxAAD/////KAIAABAAAAAAAAoADgAMAAsABAAKAAAAFAAAAAAAAAEEAAoADAAAAAgABAAKAAAACAAAAIAAAAADAAAATAAAACgAAAAEAAAAxP7//wgAAAAMAAAAAAAAAAAAAAAFAAAAcmVmSWQAAADk/v//CAAAAAwAAAAAAAAAAAAAAAQAAABuYW1lAAAAAAT///8IAAAAGAAAAA0AAAB7ImN1c3RvbSI6e319AAAABAAAAG1ldGEAAAAAAgAAAHwAAAAEAAAAnv///xQAAAA8AAAARAAAAAAACgFEAAAAAQAAAAQAAABc////CAAAABAAAAAEAAAAVGltZQAAAAAEAAAAbmFtZQAAAAAAAAAAAAAGAAgABgAGAAAAAAADAAQAAABUaW1lAAASABgAFAATABIADAAAAAgABAASAAAAFAAAAMwAAADQAAAAAAAFAcwAAAACAAAAPAAAAAQAAADU////CAAAABgAAAAMAAAAYWxhcm1fc3RhdHVzAAAAAAQAAABuYW1lAAAAAAgADAAIAAQACAAAAAgAAABoAAAAXQAAAHsiY29tcG9uZW50TmFtZSI6IkFsYXJtQ29tcG9uZW50IiwiZW50aXR5SWQiOiJNaXhlcl8xMF85ZWU4OTEzZC0xZmVmLTQ0NTMtYmVlZS1mYmZjMTQ3ZmMwM2MifQAAAAYAAABsYWJlbHMAAAAAAAAEAAQABAAAAAwAAABhbGFybV9zdGF0dXMAAAAAAAAAAP/////IAAAAFAAAAAAAAAAMABYAFAATAAwABAAMAAAAGAAAAAAAAAAUAAAAAAAAAwQACgAYAAwACAAEAAoAAAAUAAAAaAAAAAEAAAAAAAAAAAAAAAUAAAAAAAAAAAAAAAAAAAAAAAAAAAAAAAAAAAAIAAAAAAAAAAgAAAAAAAAABgAAAAAAAAAQAAAAAAAAAAAAAAAAAAAAEAAAAAAAAAAIAAAAAAAAAAAAAAACAAAAAQAAAAAAAAAAAAAAAAAAAAEAAAAAAAAAAAAAAAAAAAAAAAAABgAAAEFDVElWRQAAAEze7n7Q6RYQAAAADAAUABIADAAIAAQADAAAABAAAAAsAAAAOAAAAAAABAABAAAAOAIAAAAAAADQAAAAAAAAABgAAAAAAAAAAAAAAAAAAAAAAAoADAAAAAgABAAKAAAACAAAAIAAAAADAAAATAAAACgAAAAEAAAAxP7//wgAAAAMAAAAAAAAAAAAAAAFAAAAcmVmSWQAAADk/v//CAAAAAwAAAAAAAAAAAAAAAQAAABuYW1lAAAAAAT///8IAAAAGAAAAA0AAAB7ImN1c3RvbSI6e319AAAABAAAAG1ldGEAAAAAAgAAAHwAAAAEAAAAnv///xQAAAA8AAAARAAAAAAACgFEAAAAAQAAAAQAAABc////CAAAABAAAAAEAAAAVGltZQAAAAAEAAAAbmFtZQAAAAAAAAAAAAAGAAgABgAGAAAAAAADAAQAAABUaW1lAAASABgAFAATABIADAAAAAgABAASAAAAFAAAAMwAAADQAAAAAAAFAcwAAAACAAAAPAAAAAQAAADU////CAAAABgAAAAMAAAAYWxhcm1fc3RhdHVzAAAAAAQAAABuYW1lAAAAAAgADAAIAAQACAAAAAgAAABoAAAAXQAAAHsiY29tcG9uZW50TmFtZSI6IkFsYXJtQ29tcG9uZW50IiwiZW50aXR5SWQiOiJNaXhlcl8xMF85ZWU4OTEzZC0xZmVmLTQ0NTMtYmVlZS1mYmZjMTQ3ZmMwM2MifQAAAAYAAABsYWJlbHMAAAAAAAAEAAQABAAAAAwAAABhbGFybV9zdGF0dXMAAAAAUAIAAEFSUk9XMQ==
