ðŸŒŸ This was machine generated.  Do not edit. ðŸŒŸ

Frame[0] 
Name: 
Dimensions: 1 Fields by 3 Rows
+------------------+
| Name:            |
| Labels:          |
| Type: []*float64 |
+------------------+
| 105.09           |
| 9.5              |
| 175.96           |
+------------------+


====== TEST DATA RESPONSE (arrow base64) ======
FRAME=QVJST1cxAAD/////CAEAABAAAAAAAAoADgAMAAsABAAKAAAAFAAAAAAAAAEEAAoADAAAAAgABAAKAAAACAAAAFAAAAACAAAAKAAAAAQAAACE////CAAAAAwAAAAAAAAAAAAAAAUAAAByZWZJZAAAAKT///8IAAAADAAAAAAAAAAAAAAABAAAAG5hbWUAAAAAAQAAABgAAAAAABIAGAAUABMAEgAMAAAACAAEABIAAAAUAAAARAAAAEwAAAAAAAMBTAAAAAEAAAAMAAAACAAMAAgABAAIAAAACAAAABAAAAAGAAAAYm91bmRzAAAEAAAAbmFtZQAAAAAAAAAAAAAGAAgABgAGAAAAAAACAAYAAABib3VuZHMAAP////+IAAAAFAAAAAAAAAAMABYAFAATAAwABAAMAAAAGAAAAAAAAAAUAAAAAAAAAwQACgAYAAwACAAEAAoAAAAUAAAAOAAAAAMAAAAAAAAAAAAAAAIAAAAAAAAAAAAAAAAAAAAAAAAAAAAAAAAAAAAYAAAAAAAAAAAAAAABAAAAAwAAAAAAAAAAAAAAAAAAAPYoXI/CRVpAAAAAAAAAI0AfhetRuP5lQBAAAAAMABQAEgAMAAgABAAMAAAAEAAAACwAAAA8AAAAAAAEAAEAAAAYAQAAAAAAAJAAAAAAAAAAGAAAAAAAAAAAAAAAAAAAAAAAAAAAAAoADAAAAAgABAAKAAAACAAAAFAAAAACAAAAKAAAAAQAAACE////CAAAAAwAAAAAAAAAAAAAAAUAAAByZWZJZAAAAKT///8IAAAADAAAAAAAAAAAAAAABAAAAG5hbWUAAAAAAQAAABgAAAAAABIAGAAUABMAEgAMAAAACAAEABIAAAAUAAAARAAAAEwAAAAAAAMBTAAAAAEAAAAMAAAACAAMAAgABAAIAAAACAAAABAAAAAGAAAAYm91bmRzAAAEAAAAbmFtZQAAAAAAAAAAAAAGAAgABgAGAAAAAAACAAYAAABib3VuZHMAADgBAABBUlJPVzE=
