ðŸŒŸ This was machine generated.  Do not edit. ðŸŒŸ

Frame[0] {
    "custom": {}
}
Name: Mixer_1
Dimensions: 5 Fields by 3 Rows
+-----------------+-----------------------------------+-------------------+-------------------------------------------------------+-----------------------+
| Name: component | Name: componentTypeId             | Name: description | Name: properties                                      | Name: timeSeries      |
| Labels:         | Labels:                           | Labels:           | Labels:                                               | Labels:               |
| Type: []string  | Type: []string                    | Type: []*string   | Type: []string                                        | Type: []string        |
+-----------------+-----------------------------------+-------------------+-------------------------------------------------------+-----------------------+
| AlarmComponent  | com.example.cookiefactory.alarm   | null              | ["alarm_key","telemetryAssetId","telemetryAssetType"] | ["alarm_status"]      |
| MixerComponent  | com.example.cookiefactory.mixer   | null              | ["telemetryAssetId","telemetryAssetType"]             | ["RPM","Temperature"] |
| SpecSheets      | com.amazon.iottwinmaker.documents | null              | ["documents"]                                         | []                    |
+-----------------+-----------------------------------+-------------------+-------------------------------------------------------+-----------------------+


====== TEST DATA RESPONSE (arrow base64) ======
FRAME=QVJST1cxAAD/////eAMAABAAAAAAAAoADgAMAAsABAAKAAAAFAAAAAAAAAEEAAoADAAAAAgABAAKAAAACAAAAIQAAAADAAAAUAAAACgAAAAEAAAAGP3//wgAAAAMAAAAAAAAAAAAAAAFAAAAcmVmSWQAAAA4/f//CAAAABAAAAAHAAAATWl4ZXJfMQAEAAAAbmFtZQAAAABc/f//CAAAABgAAAANAAAAeyJjdXN0b20iOnt9fQAAAAQAAABtZXRhAAAAAAUAAABUAgAA1AEAAHABAACwAAAABAAAANL9//8UAAAAiAAAAIgAAAAAAAAFhAAAAAIAAAAwAAAABAAAAMT9//8IAAAAFAAAAAoAAAB0aW1lU2VyaWVzAAAEAAAAbmFtZQAAAADs/f//CAAAADAAAAAmAAAAeyJjdXN0b20iOnsiZGlzcGxheU1vZGUiOiJqc29uLXZpZXcifX0AAAYAAABjb25maWcAAAAAAAAA/v//CgAAAHRpbWVTZXJpZXMAAHr+//8UAAAAiAAAAIgAAAAAAAAFhAAAAAIAAAAwAAAABAAAAGz+//8IAAAAFAAAAAoAAABwcm9wZXJ0aWVzAAAEAAAAbmFtZQAAAACU/v//CAAAADAAAAAmAAAAeyJjdXN0b20iOnsiZGlzcGxheU1vZGUiOiJqc29uLXZpZXcifX0AAAYAAABjb25maWcAAAAAAACo/v//CgAAAHByb3BlcnRpZXMAAAAAEgAYABQAEwASAAwAAAAIAAQAEgAAABQAAABAAAAAQAAAAAAABQE8AAAAAQAAAAQAAAAk////CAAAABQAAAALAAAAZGVzY3JpcHRpb24ABAAAAG5hbWUAAAAAAAAAABz///8LAAAAZGVzY3JpcHRpb24Alv///xQAAABEAAAARAAAAAAAAAVAAAAAAQAAAAQAAACE////CAAAABgAAAAPAAAAY29tcG9uZW50VHlwZUlkAAQAAABuYW1lAAAAAAAAAACA////DwAAAGNvbXBvbmVudFR5cGVJZAAAABIAGAAUAAAAEwAMAAAACAAEABIAAAAUAAAASAAAAEwAAAAAAAAFSAAAAAEAAAAMAAAACAAMAAgABAAIAAAACAAAABQAAAAJAAAAY29tcG9uZW50AAAABAAAAG5hbWUAAAAAAAAAAAQABAAEAAAACQAAAGNvbXBvbmVudAAAAP////+YAQAAFAAAAAAAAAAMABYAFAATAAwABAAMAAAAeAEAAAAAAAAUAAAAAAAAAwQACgAYAAwACAAEAAoAAAAUAAAACAEAAAMAAAAAAAAAAAAAAA8AAAAAAAAAAAAAAAAAAAAAAAAAAAAAAAAAAAAQAAAAAAAAABAAAAAAAAAAJgAAAAAAAAA4AAAAAAAAAAAAAAAAAAAAOAAAAAAAAAAQAAAAAAAAAEgAAAAAAAAAXwAAAAAAAACoAAAAAAAAAAEAAAAAAAAAsAAAAAAAAAAQAAAAAAAAAMAAAAAAAAAAAAAAAAAAAADAAAAAAAAAAAAAAAAAAAAAwAAAAAAAAAAQAAAAAAAAANAAAAAAAAAAawAAAAAAAABAAQAAAAAAAAAAAAAAAAAAQAEAAAAAAAAQAAAAAAAAAFABAAAAAAAAJwAAAAAAAAAAAAAABQAAAAMAAAAAAAAAAAAAAAAAAAADAAAAAAAAAAAAAAAAAAAAAwAAAAAAAAADAAAAAAAAAAMAAAAAAAAAAAAAAAAAAAADAAAAAAAAAAAAAAAAAAAAAAAAAA4AAAAcAAAAJgAAAEFsYXJtQ29tcG9uZW50TWl4ZXJDb21wb25lbnRTcGVjU2hlZXRzAAAAAAAAHwAAAD4AAABfAAAAY29tLmV4YW1wbGUuY29va2llZmFjdG9yeS5hbGFybWNvbS5leGFtcGxlLmNvb2tpZWZhY3RvcnkubWl4ZXJjb20uYW1hem9uLmlvdHR3aW5tYWtlci5kb2N1bWVudHMAAAAAAAAAAAAAAAAAAAAAAAAAAAAAAAAAAAAAADUAAABeAAAAawAAAFsiYWxhcm1fa2V5IiwidGVsZW1ldHJ5QXNzZXRJZCIsInRlbGVtZXRyeUFzc2V0VHlwZSJdWyJ0ZWxlbWV0cnlBc3NldElkIiwidGVsZW1ldHJ5QXNzZXRUeXBlIl1bImRvY3VtZW50cyJdAAAAAAAAAAAAEAAAACUAAAAnAAAAWyJhbGFybV9zdGF0dXMiXVsiUlBNIiwiVGVtcGVyYXR1cmUiXVtdABAAAAAMABQAEgAMAAgABAAMAAAAEAAAACwAAAA8AAAAAAAEAAEAAACIAwAAAAAAAKABAAAAAAAAeAEAAAAAAAAAAAAAAAAAAAAAAAAAAAoADAAAAAgABAAKAAAACAAAAIQAAAADAAAAUAAAACgAAAAEAAAAGP3//wgAAAAMAAAAAAAAAAAAAAAFAAAAcmVmSWQAAAA4/f//CAAAABAAAAAHAAAATWl4ZXJfMQAEAAAAbmFtZQAAAABc/f//CAAAABgAAAANAAAAeyJjdXN0b20iOnt9fQAAAAQAAABtZXRhAAAAAAUAAABUAgAA1AEAAHABAACwAAAABAAAANL9//8UAAAAiAAAAIgAAAAAAAAFhAAAAAIAAAAwAAAABAAAAMT9//8IAAAAFAAAAAoAAAB0aW1lU2VyaWVzAAAEAAAAbmFtZQAAAADs/f//CAAAADAAAAAmAAAAeyJjdXN0b20iOnsiZGlzcGxheU1vZGUiOiJqc29uLXZpZXcifX0AAAYAAABjb25maWcAAAAAAAAA/v//CgAAAHRpbWVTZXJpZXMAAHr+//8UAAAAiAAAAIgAAAAAAAAFhAAAAAIAAAAwAAAABAAAAGz+//8IAAAAFAAAAAoAAABwcm9wZXJ0aWVzAAAEAAAAbmFtZQAAAACU/v//CAAAADAAAAAmAAAAeyJjdXN0b20iOnsiZGlzcGxheU1vZGUiOiJqc29uLXZpZXcifX0AAAYAAABjb25maWcAAAAAAACo/v//CgAAAHByb3BlcnRpZXMAAAAAEgAYABQAEwASAAwAAAAIAAQAEgAAABQAAABAAAAAQAAAAAAABQE8AAAAAQAAAAQAAAAk////CAAAABQAAAALAAAAZGVzY3JpcHRpb24ABAAAAG5hbWUAAAAAAAAAABz///8LAAAAZGVzY3JpcHRpb24Alv///xQAAABEAAAARAAAAAAAAAVAAAAAAQAAAAQAAACE////CAAAABgAAAAPAAAAY29tcG9uZW50VHlwZUlkAAQAAABuYW1lAAAAAAAAAACA////DwAAAGNvbXBvbmVudFR5cGVJZAAAABIAGAAUAAAAEwAMAAAACAAEABIAAAAUAAAASAAAAEwAAAAAAAAFSAAAAAEAAAAMAAAACAAMAAgABAAIAAAACAAAABQAAAAJAAAAY29tcG9uZW50AAAABAAAAG5hbWUAAAAAAAAAAAQABAAEAAAACQAAAGNvbXBvbmVudAAAAKgDAABBUlJPVzE=
