ðŸŒŸ This was machine generated.  Do not edit. ðŸŒŸ

Frame[0] {
    "custom": {}
}
Name: 
Dimensions: 6 Fields by 4 Rows
+-----------------+------------------------------------------------+------------------------------------------------+------------------+-------------------+-------------------------------+
| Name: alarmName | Name: alarmId                                  | Name: entityId                                 | Name: entityName | Name: alarmStatus | Name: Time                    |
| Labels:         | Labels:                                        | Labels:                                        | Labels:          | Labels:           | Labels:                       |
| Type: []*string | Type: []*string                                | Type: []*string                                | Type: []*string  | Type: []*string   | Type: []*time.Time            |
+-----------------+------------------------------------------------+------------------------------------------------+------------------+-------------------+-------------------------------+
| AlarmComponent  | WaterTank_ce63b782-c855-4cff-8d1c-6e542e0a3cbf | WaterTank_ab5e8bc0-5c8f-44d8-b0a9-bef9c8d2cfab | WaterTank        | ACTIVE            | 2022-04-27 17:50:00 +0000 UTC |
| AlarmComponent  | Mixer_0_237685e2-3f33-42f9-8cff-5f761c94aa73   | Mixer_0_cd81d9fd-3f74-437a-802b-9747ff240837   | Mixer_0          | ACTIVE            | 2022-04-27 17:19:42 +0000 UTC |
| AlarmComponent  | Mixer_4_137a2b35-33ff-4590-aa98-3299aab56203   | Mixer_4_784b3c3e-5779-4ca1-ad0b-036b18dd1fcc   | Mixer_4          | ACTIVE            | 2022-04-27 17:19:42 +0000 UTC |
| AlarmComponent  | Mixer_10_54205d7c-1407-4f17-8b38-188e437e8d9d  | Mixer_10_9ee8913d-1fef-4453-beee-fbfc147fc03c  | Mixer_10         | ACTIVE            | 2022-04-27 17:19:42 +0000 UTC |
+-----------------+------------------------------------------------+------------------------------------------------+------------------+-------------------+-------------------------------+


====== TEST DATA RESPONSE (arrow base64) ======
FRAME=QVJST1cxAAD/////mAQAABAAAAAAAAoADgAMAAsABAAKAAAAFAAAAAAAAAEEAAoADAAAAAgABAAKAAAACAAAAIAAAAADAAAATAAAACgAAAAEAAAA+Pv//wgAAAAMAAAAAAAAAAAAAAAFAAAAcmVmSWQAAAAY/P//CAAAAAwAAAAAAAAAAAAAAAQAAABuYW1lAAAAADj8//8IAAAAGAAAAA0AAAB7ImN1c3RvbSI6e319AAAABAAAAG1ldGEAAAAABgAAAHgDAAAIAwAApAIAAEACAABsAAAABAAAALL8//8UAAAAPAAAAEQAAAAAAAoBRAAAAAEAAAAEAAAAoPz//wgAAAAQAAAABAAAAFRpbWUAAAAABAAAAG5hbWUAAAAAAAAAAAAABgAIAAYABgAAAAAAAwAEAAAAVGltZQAAAAAW/f//FAAAALABAACwAQAAAAAFAawBAAACAAAAMAAAAAQAAAAI/f//CAAAABQAAAALAAAAYWxhcm1TdGF0dXMABAAAAG5hbWUAAAAAMP3//wgAAABYAQAATgEAAHsiZGlzcGxheU5hbWUiOiJTdGF0dXMiLCJtYXBwaW5ncyI6W3sidHlwZSI6InZhbHVlIiwib3B0aW9ucyI6eyJBQ0tOT1dMRURHRUQiOnsidGV4dCI6IkFDS05PV0xFREdFRCIsImNvbG9yIjoiYmx1ZSIsImluZGV4IjozfSwiQUNUSVZFIjp7InRleHQiOiJBQ1RJVkUiLCJjb2xvciI6InJlZCIsImluZGV4IjoxfSwiTk9STUFMIjp7InRleHQiOiJOT1JNQUwiLCJjb2xvciI6ImdyZWVuIn0sIlNOT09aRV9ESVNBQkxFRCI6eyJ0ZXh0IjoiU05PT1pFX0RJU0FCTEVEIiwiY29sb3IiOiJvcmFuZ2UiLCJpbmRleCI6Mn19fV0sImN1c3RvbSI6eyJkaXNwbGF5TW9kZSI6ImNvbG9yLXRleHQifX0AAAYAAABjb25maWcAAAAAAABs/v//CwAAAGFsYXJtU3RhdHVzAOb+//8UAAAAQAAAAEAAAAAAAAUBPAAAAAEAAAAEAAAA1P7//wgAAAAUAAAACgAAAGVudGl0eU5hbWUAAAQAAABuYW1lAAAAAAAAAADM/v//CgAAAGVudGl0eU5hbWUAAEb///8UAAAAQAAAAEAAAAAAAAUBPAAAAAEAAAAEAAAANP///wgAAAAUAAAACAAAAGVudGl0eUlkAAAAAAQAAABuYW1lAAAAAAAAAAAs////CAAAAGVudGl0eUlkAAAAAKb///8UAAAAPAAAADwAAAAAAAUBOAAAAAEAAAAEAAAAlP///wgAAAAQAAAABwAAAGFsYXJtSWQABAAAAG5hbWUAAAAAAAAAAIj///8HAAAAYWxhcm1JZAAAABIAGAAUABMAEgAMAAAACAAEABIAAAAUAAAASAAAAEwAAAAAAAUBSAAAAAEAAAAMAAAACAAMAAgABAAIAAAACAAAABQAAAAJAAAAYWxhcm1OYW1lAAAABAAAAG5hbWUAAAAAAAAAAAQABAAEAAAACQAAAGFsYXJtTmFtZQAAAP/////IAQAAFAAAAAAAAAAMABYAFAATAAwABAAMAAAAeAIAAAAAAAAUAAAAAAAAAwQACgAYAAwACAAEAAoAAAAUAAAAKAEAAAQAAAAAAAAAAAAAABEAAAAAAAAAAAAAAAAAAAAAAAAAAAAAAAAAAAAUAAAAAAAAABgAAAAAAAAAOAAAAAAAAABQAAAAAAAAAAAAAAAAAAAAUAAAAAAAAAAUAAAAAAAAAGgAAAAAAAAAswAAAAAAAAAgAQAAAAAAAAAAAAAAAAAAIAEAAAAAAAAUAAAAAAAAADgBAAAAAAAAswAAAAAAAADwAQAAAAAAAAAAAAAAAAAA8AEAAAAAAAAUAAAAAAAAAAgCAAAAAAAAHwAAAAAAAAAoAgAAAAAAAAAAAAAAAAAAKAIAAAAAAAAUAAAAAAAAAEACAAAAAAAAGAAAAAAAAABYAgAAAAAAAAAAAAAAAAAAWAIAAAAAAAAgAAAAAAAAAAAAAAAGAAAABAAAAAAAAAAAAAAAAAAAAAQAAAAAAAAAAAAAAAAAAAAEAAAAAAAAAAAAAAAAAAAABAAAAAAAAAAAAAAAAAAAAAQAAAAAAAAAAAAAAAAAAAAEAAAAAAAAAAAAAAAAAAAAAAAAAA4AAAAcAAAAKgAAADgAAAAAAAAAQWxhcm1Db21wb25lbnRBbGFybUNvbXBvbmVudEFsYXJtQ29tcG9uZW50QWxhcm1Db21wb25lbnQAAAAALgAAAFoAAACGAAAAswAAAAAAAABXYXRlclRhbmtfY2U2M2I3ODItYzg1NS00Y2ZmLThkMWMtNmU1NDJlMGEzY2JmTWl4ZXJfMF8yMzc2ODVlMi0zZjMzLTQyZjktOGNmZi01Zjc2MWM5NGFhNzNNaXhlcl80XzEzN2EyYjM1LTMzZmYtNDU5MC1hYTk4LTMyOTlhYWI1NjIwM01peGVyXzEwXzU0MjA1ZDdjLTE0MDctNGYxNy04YjM4LTE4OGU0MzdlOGQ5ZAAAAAAAAAAAAC4AAABaAAAAhgAAALMAAAAAAAAAV2F0ZXJUYW5rX2FiNWU4YmMwLTVjOGYtNDRkOC1iMGE5LWJlZjljOGQyY2ZhYk1peGVyXzBfY2Q4MWQ5ZmQtM2Y3NC00MzdhLTgwMmItOTc0N2ZmMjQwODM3TWl4ZXJfNF83ODRiM2MzZS01Nzc5LTRjYTEtYWQwYi0wMzZiMThkZDFmY2NNaXhlcl8xMF85ZWU4OTEzZC0xZmVmLTQ0NTMtYmVlZS1mYmZjMTQ3ZmMwM2MAAAAAAAAAAAAJAAAAEAAAABcAAAAfAAAAAAAAAFdhdGVyVGFua01peGVyXzBNaXhlcl80TWl4ZXJfMTAAAAAAAAYAAAAMAAAAEgAAABgAAAAAAAAAQUNUSVZFQUNUSVZFQUNUSVZFQUNUSVZFANAcOCbS6RYATN7uftDpFgBM3u5+0OkWAEze7n7Q6RYQAAAADAAUABIADAAIAAQADAAAABAAAAAsAAAAPAAAAAAABAABAAAAqAQAAAAAAADQAQAAAAAAAHgCAAAAAAAAAAAAAAAAAAAAAAAAAAAKAAwAAAAIAAQACgAAAAgAAACAAAAAAwAAAEwAAAAoAAAABAAAAPj7//8IAAAADAAAAAAAAAAAAAAABQAAAHJlZklkAAAAGPz//wgAAAAMAAAAAAAAAAAAAAAEAAAAbmFtZQAAAAA4/P//CAAAABgAAAANAAAAeyJjdXN0b20iOnt9fQAAAAQAAABtZXRhAAAAAAYAAAB4AwAACAMAAKQCAABAAgAAbAAAAAQAAACy/P//FAAAADwAAABEAAAAAAAKAUQAAAABAAAABAAAAKD8//8IAAAAEAAAAAQAAABUaW1lAAAAAAQAAABuYW1lAAAAAAAAAAAAAAYACAAGAAYAAAAAAAMABAAAAFRpbWUAAAAAFv3//xQAAACwAQAAsAEAAAAABQGsAQAAAgAAADAAAAAEAAAACP3//wgAAAAUAAAACwAAAGFsYXJtU3RhdHVzAAQAAABuYW1lAAAAADD9//8IAAAAWAEAAE4BAAB7ImRpc3BsYXlOYW1lIjoiU3RhdHVzIiwibWFwcGluZ3MiOlt7InR5cGUiOiJ2YWx1ZSIsIm9wdGlvbnMiOnsiQUNLTk9XTEVER0VEIjp7InRleHQiOiJBQ0tOT1dMRURHRUQiLCJjb2xvciI6ImJsdWUiLCJpbmRleCI6M30sIkFDVElWRSI6eyJ0ZXh0IjoiQUNUSVZFIiwiY29sb3IiOiJyZWQiLCJpbmRleCI6MX0sIk5PUk1BTCI6eyJ0ZXh0IjoiTk9STUFMIiwiY29sb3IiOiJncmVlbiJ9LCJTTk9PWkVfRElTQUJMRUQiOnsidGV4dCI6IlNOT09aRV9ESVNBQkxFRCIsImNvbG9yIjoib3JhbmdlIiwiaW5kZXgiOjJ9fX1dLCJjdXN0b20iOnsiZGlzcGxheU1vZGUiOiJjb2xvci10ZXh0In19AAAGAAAAY29uZmlnAAAAAAAAbP7//wsAAABhbGFybVN0YXR1cwDm/v//FAAAAEAAAABAAAAAAAAFATwAAAABAAAABAAAANT+//8IAAAAFAAAAAoAAABlbnRpdHlOYW1lAAAEAAAAbmFtZQAAAAAAAAAAzP7//woAAABlbnRpdHlOYW1lAABG////FAAAAEAAAABAAAAAAAAFATwAAAABAAAABAAAADT///8IAAAAFAAAAAgAAABlbnRpdHlJZAAAAAAEAAAAbmFtZQAAAAAAAAAALP///wgAAABlbnRpdHlJZAAAAACm////FAAAADwAAAA8AAAAAAAFATgAAAABAAAABAAAAJT///8IAAAAEAAAAAcAAABhbGFybUlkAAQAAABuYW1lAAAAAAAAAACI////BwAAAGFsYXJtSWQAAAASABgAFAATABIADAAAAAgABAASAAAAFAAAAEgAAABMAAAAAAAFAUgAAAABAAAADAAAAAgADAAIAAQACAAAAAgAAAAUAAAACQAAAGFsYXJtTmFtZQAAAAQAAABuYW1lAAAAAAAAAAAEAAQABAAAAAkAAABhbGFybU5hbWUAAADIBAAAQVJST1cx
