ðŸŒŸ This was machine generated.  Do not edit. ðŸŒŸ

Frame[0] {
    "custom": {}
}
Name: 
Dimensions: 5 Fields by 106 Rows
+--------------------------------------------------------------+-------------------------+-------------------+-----------------------------------+------------------------------------------------------------------------------------------------------------------------------------------+
| Name: entityId                                               | Name: name              | Name: description | Name: created                     | Name: arn                                                                                                                                |
| Labels:                                                      | Labels:                 | Labels:           | Labels:                           | Labels:                                                                                                                                  |
| Type: []*string                                              | Type: []*string         | Type: []*string   | Type: []time.Time                 | Type: []*string                                                                                                                          |
+--------------------------------------------------------------+-------------------------+-------------------+-----------------------------------+------------------------------------------------------------------------------------------------------------------------------------------+
| Mixer_11_67785f3f-229d-4d41-9ce4-09a5af1f152b                | Mixer_11                |                   | 2022-04-27 17:29:56.616 +0000 UTC | arn:aws:iottwinmaker:us-east-1:166800769179:workspace/AlarmWorkspace/entity/Mixer_11_67785f3f-229d-4d41-9ce4-09a5af1f152b                |
| LABELING_BELT_5f98ffd2-ced1-48dd-a111-e3503b4e8532           | LABELING_BELT           |                   | 2022-04-27 17:29:46.642 +0000 UTC | arn:aws:iottwinmaker:us-east-1:166800769179:workspace/AlarmWorkspace/entity/LABELING_BELT_5f98ffd2-ced1-48dd-a111-e3503b4e8532           |
| VERTICAL_CONVEYOR_c94f46c2-f47c-437a-998c-d6e91b736e24       | VERTICAL_CONVEYOR       |                   | 2022-04-27 17:29:55.221 +0000 UTC | arn:aws:iottwinmaker:us-east-1:166800769179:workspace/AlarmWorkspace/entity/VERTICAL_CONVEYOR_c94f46c2-f47c-437a-998c-d6e91b736e24       |
| CookieLines_a7a47b3c-8de0-4283-bf3f-4177bc0464ed             | CookieLines             |                   | 2022-04-27 17:29:43.89 +0000 UTC  | arn:aws:iottwinmaker:us-east-1:166800769179:workspace/AlarmWorkspace/entity/CookieLines_a7a47b3c-8de0-4283-bf3f-4177bc0464ed             |
| MotionIndicatorWidget_2_6f722f84-30c8-426d-ae7c-f940674d82f9 | MotionIndicatorWidget_2 |                   | 2022-04-27 17:29:49.887 +0000 UTC | arn:aws:iottwinmaker:us-east-1:166800769179:workspace/AlarmWorkspace/entity/MotionIndicatorWidget_2_6f722f84-30c8-426d-ae7c-f940674d82f9 |
| FREEZER_TUNNEL_2f21726d-64f9-4e92-86e2-b8d1bb3e54d7          | FREEZER_TUNNEL          |                   | 2022-04-27 17:29:54.418 +0000 UTC | arn:aws:iottwinmaker:us-east-1:166800769179:workspace/AlarmWorkspace/entity/FREEZER_TUNNEL_2f21726d-64f9-4e92-86e2-b8d1bb3e54d7          |
| PLASTIC_LINER_73a5c11d-d738-46ef-ba0c-969d0abd1334           | PLASTIC_LINER           |                   | 2022-04-27 17:29:55.022 +0000 UTC | arn:aws:iottwinmaker:us-east-1:166800769179:workspace/AlarmWorkspace/entity/PLASTIC_LINER_73a5c11d-d738-46ef-ba0c-969d0abd1334           |
| VerticalConveyor_bf5c3b2a-c092-43d6-90df-07c8ced552b0        | VerticalConveyor        |                   | 2022-04-27 17:29:51.745 +0000 UTC | arn:aws:iottwinmaker:us-east-1:166800769179:workspace/AlarmWorkspace/entity/VerticalConveyor_bf5c3b2a-c092-43d6-90df-07c8ced552b0        |
| Mixer_8_fc6e52dd-1600-402f-aee7-4d17eca68d5f                 | Mixer_8                 |                   | 2022-04-27 17:30:01.826 +0000 UTC | arn:aws:iottwinmaker:us-east-1:166800769179:workspace/AlarmWorkspace/entity/Mixer_8_fc6e52dd-1600-402f-aee7-4d17eca68d5f                 |
| ...                                                          | ...                     | ...               | ...                               | ...                                                                                                                                      |
+--------------------------------------------------------------+-------------------------+-------------------+-----------------------------------+------------------------------------------------------------------------------------------------------------------------------------------+


====== TEST DATA RESPONSE (arrow base64) ======
FRAME=QVJST1cxAAD/////yAIAABAAAAAAAAoADgAMAAsABAAKAAAAFAAAAAAAAAEEAAoADAAAAAgABAAKAAAACAAAAIAAAAADAAAATAAAACgAAAAEAAAAzP3//wgAAAAMAAAAAAAAAAAAAAAFAAAAcmVmSWQAAADs/f//CAAAAAwAAAAAAAAAAAAAAAQAAABuYW1lAAAAAAz+//8IAAAAGAAAAA0AAAB7ImN1c3RvbSI6e319AAAABAAAAG1ldGEAAAAABQAAAKQBAAA4AQAA1AAAAGwAAAAEAAAAgv7//xQAAAA4AAAAOAAAAAAABQE0AAAAAQAAAAQAAABw/v//CAAAAAwAAAADAAAAYXJuAAQAAABuYW1lAAAAAAAAAABg/v//AwAAAGFybgAAABIAGAAUAAAAEwAMAAAACAAEABIAAAAUAAAAPAAAAEQAAAAAAAAKRAAAAAEAAAAEAAAA1P7//wgAAAAQAAAABwAAAGNyZWF0ZWQABAAAAG5hbWUAAAAAAAAAAAAABgAIAAYABgAAAAAAAwAHAAAAY3JlYXRlZABK////FAAAAEAAAABAAAAAAAAFATwAAAABAAAABAAAADj///8IAAAAFAAAAAsAAABkZXNjcmlwdGlvbgAEAAAAbmFtZQAAAAAAAAAAMP///wsAAABkZXNjcmlwdGlvbgCq////FAAAADwAAAA8AAAAAAAFATgAAAABAAAABAAAAJj///8IAAAAEAAAAAQAAABuYW1lAAAAAAQAAABuYW1lAAAAAAAAAACM////BAAAAG5hbWUAABIAGAAUABMAEgAMAAAACAAEABIAAAAUAAAASAAAAEwAAAAAAAUBSAAAAAEAAAAMAAAACAAMAAgABAAIAAAACAAAABQAAAAIAAAAZW50aXR5SWQAAAAABAAAAG5hbWUAAAAAAAAAAAQABAAEAAAACAAAAGVudGl0eUlkAAAAAAAAAAD/////iAEAABQAAAAAAAAADAAWABQAEwAMAAQADAAAAHBYAAAAAAAAFAAAAAAAAAMEAAoAGAAMAAgABAAKAAAAFAAAAPgAAABqAAAAAAAAAAAAAAAOAAAAAAAAAAAAAAAAAAAAAAAAAAAAAAAAAAAArAEAAAAAAACwAQAAAAAAALYUAAAAAAAAaBYAAAAAAAAAAAAAAAAAAGgWAAAAAAAArAEAAAAAAAAYGAAAAAAAAHMFAAAAAAAAkB0AAAAAAAAAAAAAAAAAAJAdAAAAAAAArAEAAAAAAABAHwAAAAAAAAAAAAAAAAAAQB8AAAAAAAAAAAAAAAAAAEAfAAAAAAAAUAMAAAAAAACQIgAAAAAAAAAAAAAAAAAAkCIAAAAAAACsAQAAAAAAAEAkAAAAAAAALjQAAAAAAAAAAAAABQAAAGoAAAAAAAAAAAAAAAAAAABqAAAAAAAAAAAAAAAAAAAAagAAAAAAAAAAAAAAAAAAAGoAAAAAAAAAAAAAAAAAAABqAAAAAAAAAAAAAAAAAAAAAAAAAC0AAABfAAAAlQAAAMUAAAABAQAANAEAAGYBAACbAQAAxwEAAPkBAAAuAgAAaAIAAKQCAADgAgAAEgMAAEoDAAB/AwAAuQMAAOUDAAASBAAAPwQAAGoEAACXBAAAyQQAAPQEAAAjBQAAVQUAAIIFAACuBQAA6gUAABwGAABJBgAAgQYAAL0GAADwBgAAJQcAAGEHAACWBwAAywcAAPcHAAAnCAAAXwgAAJEIAAC8CAAA6QgAAB8JAABUCQAAhgkAALgJAADmCQAAFgoAAEMKAABvCgAAnAoAANgKAAAGCwAAOQsAAGsLAACiCwAA1AsAAAEMAAAtDAAAZQwAAJoMAADMDAAAAQ0AADgNAABlDQAAkA0AAMoNAAD4DQAALQ4AAF8OAACRDgAAvg4AAOoOAAAdDwAASQ8AAHoPAAC1DwAA4Q8AABYQAAA6EAAAbBAAAJgQAADNEAAA/xAAADsRAABoEQAAmhEAAM8RAAD8EQAAMxIAAGgSAACjEgAA1RIAAAETAAAwEwAAYBMAAIsTAAC7EwAA9xMAACQUAABRFAAAhxQAALYUAAAAAAAATWl4ZXJfMTFfNjc3ODVmM2YtMjI5ZC00ZDQxLTljZTQtMDlhNWFmMWYxNTJiTEFCRUxJTkdfQkVMVF81Zjk4ZmZkMi1jZWQxLTQ4ZGQtYTExMS1lMzUwM2I0ZTg1MzJWRVJUSUNBTF9DT05WRVlPUl9jOTRmNDZjMi1mNDdjLTQzN2EtOTk4Yy1kNmU5MWI3MzZlMjRDb29raWVMaW5lc19hN2E0N2IzYy04ZGUwLTQyODMtYmYzZi00MTc3YmMwNDY0ZWRNb3Rpb25JbmRpY2F0b3JXaWRnZXRfMl82ZjcyMmY4NC0zMGM4LTQyNmQtYWU3Yy1mOTQwNjc0ZDgyZjlGUkVFWkVSX1RVTk5FTF8yZjIxNzI2ZC02NGY5LTRlOTItODZlMi1iOGQxYmIzZTU0ZDdQTEFTVElDX0xJTkVSXzczYTVjMTFkLWQ3MzgtNDZlZi1iYTBjLTk2OWQwYWJkMTMzNFZlcnRpY2FsQ29udmV5b3JfYmY1YzNiMmEtYzA5Mi00M2Q2LTkwZGYtMDdjOGNlZDU1MmIwTWl4ZXJfOF9mYzZlNTJkZC0xNjAwLTQwMmYtYWVlNy00ZDE3ZWNhNjhkNWZDT09LSUVfRk9STUVSXzkzYmFlMTZjLTljYWYtNDI4MS04NTA5LWUwNDRkZDE3ZmEzNENPTlZFWU9SX1NUUklHSFRfOWM2MmM1NDYtZjhlZi00ODlkLTk5MzgtZDQ2YTEyYzk3ZjMyTW90aW9uSW5kaWNhdG9yV2lkZ2V0X2UxZDUyYzdjLWIzMzYtNDkxMS04NGU4LTNmYzExNTVhMTE4Zk1vdGlvbkluZGljYXRvcldpZGdldF8yXzMxMDFlYWJmLWFkMDUtNDIzMi04ZmYzLTY3NWQzY2RhNDQwNU1vdGlvbkluZGljYXRvcldpZGdldF8xX2VjYmY0YTY1LTAyNWItNGQ0Ny1hMzk1LTI0ZDQwMDEwOWIwM09mZmljZV9Sb29tX0dfZDg0ZGE0MWMtMzNhMy00YzVhLWEwY2EtYTIwM2JmNWEyZmFmQ2FtZXJhX01peGluZ1Jvb21fMV85YTlhZjk5Yy05YThhLTQ5YTktYjNjMi02MWRlOGU4YWZlMGNXYXJlaG91c2VfUm9vbV9GXzMxNGIzZGFmLTg4OGQtNDFmZi1hZTUzLTBlODNhYWMyZjcwME1vdGlvbkluZGljYXRvcldpZGdldF9hYThhZTRlYS1lZDMzLTQ3YjYtYWU4NC0zYzBjZmU3ZTQ3MDVNaXhlcl8wX2NkODFkOWZkLTNmNzQtNDM3YS04MDJiLTk3NDdmZjI0MDgzN01peGVyXzE5XzAwMmEwYmZkLTc4ZjItNDdkNS1iNjk0LTczZmZlYjBiZTllZU1peGVyXzE0XzQ1NmJhMjkxLWJmNjAtNDE3YS04NDhmLTIyYTUyYmMxY2I2NlBBTExFVF9jNzkwYzRmMi04NWYwLTRjZjQtOWMwOC04NDZlYzQ5ZTNmNGFNaXhlcl8xMl84N2MxOWZkZi1lODI0LTQ3MmQtYTJlMy0xNTAxMmU4ZmM3YThPZmZpY2VfUm9vbV9EXzEwOGVhNTQ1LTYxNGMtNDMyMS04ZjViLWE3Y2Q5Yjg3NTU2Yk1peGVyc19iMWUwODFlZS1lNmEzLTQ2MzYtODJjYi02YjZiY2UwNzg2YTdCT1hfU0VBTEVSX2FkNDM0YTM0LTQzNjMtNGEzNi04MTUzLTIwYmQ3MTg5OTUxZENPT0tJRV9GT1JNRVJfMTk1NTZiZmQtNDY5Yy00MGJjLWEzODktZGJlYWIyNTVjMTQ0TWl4ZXJfMjVfN2QwNDBhNDItNTVjNy00YTFjLTk1MDktY2UzZTA5ZTgwNzFlTWl4ZXJfNF83ODRiM2MzZS01Nzc5LTRjYTEtYWQwYi0wMzZiMThkZDFmY2NNb3Rpb25JbmRpY2F0b3JXaWRnZXRfMV85ZGZmZjJiMC1lNmRiLTQ0N2ItYjkwMy1hZjg3MDE1OGE4YWJPZmZpY2VfUm9vbV9CXzAzNDMyYjQxLTVmOTMtNDgwZS1hMGQ0LTJhNjFhNWMyMzE3M01peGVyXzEwXzllZTg5MTNkLTFmZWYtNDQ1My1iZWVlLWZiZmMxNDdmYzAzY0NPTlZFWU9SX1JJR0hUX1RVUk5fYzRmMmRmM2QtMjZhMi00NWM1LWE2YzktMDJjYTAwZWI0YWY2TW90aW9uSW5kaWNhdG9yV2lkZ2V0XzFfMzcxNzIxNTQtZjMxZi00ZjhhLWJkMDAtZTU2NzZlYjQzZWFmRlJFRVpFUl9UVU5ORUxfZTEyZTA3MzMtZjVkZi00NjA0LThmMTAtNDE3ZjQ5ZTZkMjk4V2FyZWhvdXNlX1Jvb21fRF9lMmFmYjU3Yi02M2FkLTRlNmEtYWRhMy00OTJmOGQxMWY1NjNNb3Rpb25JbmRpY2F0b3JXaWRnZXRfMl9iOWUzNzhjOS0yZWE2LTQwNDEtODQ5Zi0zMmQ3OGQyMzkyZDBPZmZpY2VfUmVjZXB0aW9uXzBkODM5MzI0LTRkYTMtNDE4OS1hYTRiLWQyZGJiZDJkMDYxOVdhcmVob3VzZV9Sb29tX0JfNDllMTY4ZjktNDEzYS00YTc1LWI0NzItNjc3ZjQ2MTdiNGM4TWl4ZXJfN181MjJlNjRkNi1iNWMyLTQ5ODAtYmQzZi01ZGIxY2Y4MzdiMWZCT1hfRVJFQ1RPUl8xNDI0OTZhZi1kZjJlLTQ5MGUtYWVkNS0yNTgwZWFmNzVlNDBDT05WRVlPUl9SSUdIVF9UVVJOX2U0M2RmNjFlLWY2NzUtNDYxZi05N2QxLWZhMTZiOTg1NTQzNE9mZmljZV9Sb29tX0FfMmFkNDFlYTAtMWYwOC00MTIwLTk0ODUtZGNmY2IxOGQ3YjFmUEFMTEVUXzk4NjQ4YTg0LTcyZGEtNDQzYS1iNjI1LWY2NzFkOTlhMTNiYU1peGVyXzE1XzNiYTI5YWMyLTZmY2MtNDg4NC1hOTZlLWZjYWIzOWNhYTM1ZlZFUlRJQ0FMX0NPTlZFWU9SX2ExMGVlMjFjLWM4NTktNGQ3My1iMGJiLTM5NmRhYWYwMjMzNVZlcnRpY2FsQ29udmV5b3JfOWY0MzIzYTMtNmM4Ny00MTlhLWEwODctNmJlMWE0YzZhOTI2Q09PS0lFX0xJTkVfMl8zMWJlNDRiZS02ZGYzLTQzMTItYmQ4Zi04NGE5MjgyZjUwMjlPZmZpY2VfUm9vbV9GXzI5YmM0M2Q1LWI3ODctNDdjZi05ZGRiLTA5YWRjMjM2NmEzYldhcmVob3VzZV8wNTg3NzlhZi04MjkyLTQ2MzYtODRlZS1jMDY1ZTZkYTQ2MmRCT1hfRVJFQ1RPUl8xNzBjNWUyMS00NDFkLTQxODEtYWIzYS1mN2QwMWVkZGYxYjhNaXhlcl8yNF8yNTRiMTU5Ny0zMTUzLTRlZTEtYmFlNC1kOTYxYzU4MTBlN2ZNaXhlcl82XzlhYTBjZDZjLWE4ZjctNGE4YS05ODgxLTljM2NiMmEyMmJmMU1peGVyXzE3XzBhNzFiMzIxLTdmZjktNDYyNC1hODk0LWQwYTQ1NDFkNjMwY01vdGlvbkluZGljYXRvcldpZGdldF8xXzc1NGZlZDYyLWQxZjYtNDAzYy1iMDFlLTBlMmQ3YTJkZDk1YkVxdWlwbWVudF81YzllODNkMi0xODgwLTRmODMtYWZmZC05YTI3ZjgwZDM5ZjdGUkVFWkVSX1RVTk5FTF9jNzI2YTIxZS04ZmQ0LTQyMTAtYjcxZS0wZWY5YWNjNTlkOTdQTEFTVElDX0xJTkVSXzIzZGYyYTcyLTMwZDYtNGY4Zi1iYzE1LTk1YThlOTQ1YjRmYUNPTlZFWU9SX0xFRlRfVFVSTl9mNTE4Y2M0My05MGQ2LTRjNzctYmYwNi1hMDk2MDgwMjM0YWFDT09LSUVfRk9STUVSX2U4N2FjYWQyLTE4NTItNGY5OC04OTFmLWM4ZjlhM2ViN2RkNE1peGVyXzE4XzBiZDQ5YTAwLTEyOGItNGEwNS1iNjk0LWMwYWNmMGUxMjA0N01peGVyXzFfNGI1N2NiZWUtYzM5MS00ZGU2LWI4ODItNjIyYzYzM2E2OTdlQ09OVkVZT1JfUklHSFRfVFVSTl81NDk3MjE5NC05Mzk0LTQxNTgtYTEyMi0xMzhhN2U0YTY2NTRWZXJ0aWNhbENvbnZleW9yXzE5ODlkYWEyLTdiNmItNDcxNy1hMjMzLTVmNzA4MDczZWU0ZU9mZmljZV9Sb29tX0NfYjViMzgxY2QtYjdkNy00NzdmLThlZDAtZTgwNzIzZTg5MTkyV2FyZWhvdXNlX1Jvb21fQV9lNGM1NzlkZC01YzU5LTQ2ZjgtYTlhZS1lNDA2ZDY0MzgxMzJDT05WRVlPUl9MRUZUX1RVUk5fYjI4ZjJjYTktYjZhNy00NGNkLWE2MmQtN2Y3NmZjMTdiYTQ1TWl4ZXJfMjBfNDM0NWM3MTktY2Y3Ni00YzRmLThjMTAtMzVjNjk1MTRlNjA2U3BhY2VzX2FhZTE0N2ZhLTAxNGYtNDFiMC1hZGJlLTFkZDY4MDJiZmU0OE1vdGlvbkluZGljYXRvcldpZGdldF9lMTU1ZDk0ZC04NGNkLTQ2MGYtOWE5My0zN2FhZWE3NDIwNDBXYXRlclRhbmtfYWI1ZThiYzAtNWM4Zi00NGQ4LWIwYTktYmVmOWM4ZDJjZmFiQ09OVkVZT1JfU1RSSUdIVF9hMWY5MGFmOC1lYTg4LTQzOTctYjI2My01N2VhNmU0MWU1NTRMQUJFTElOR19CRUxUX2E1MDdkYjg1LTJkOTQtNDhkNy1iN2UwLWEyMDVjMWI1YjUwOU9mZmljZV9Sb29tX0VfNjE3NGVhM2QtYzJhMC00OTI5LTkwM2YtZmE2YjliOTc5ZDkyTWl4ZXJfMjNfMDE3ZDkyYTgtNmJjOC00NGQwLWFhY2YtODk0M2ZiNzc2ODc3TWl4ZXJfNV8wMThmYmY2OS1jMDZhLTQ2OTAtODgxNy01M2JmMTYzZGY4ZDRPZmZpY2VfSGFsbHdheV9kNzczOGIwYy03YTlkLTQ3OTEtYTQ5ZC1kZGM1MjBmNTAyMTJGYWN0b3J5X2FhM2Q3ZDhiLTZiOTQtNDRmZS1hYjAyLTY5MzZiZmNkYWRlNk9mZmljZV9TcGFjZV8zYzFlMWJkZS1iODQyLTQ5NmQtOTgzMi1hMWM3ZGI1ZDg1YWJXYXJlaG91c2VfRmxvb3JzcGFjZV9BX2FiY2Y5M2FhLWEyOWEtNDI4Yy1iZWJjLTRiMGQ5YjQ0NzAzN01peGVyXzJfMDZhYzYzYzQtZDY4ZC00NzIzLTg5MWEtOGU3NThmODQ1NmVmV2FyZWhvdXNlX1Jvb21fQ19lYjExNzUwNi00NzljLTQ4OTktYjQwZi0xMjBlYzk0NTcyY2I3NjZkZGU3Zi0xOWE1LTRjMmYtYTdlOS00ODQ5ODIyMmY1NzdDT09LSUVfTElORV8xXzcwY2RlMDljLTJjMmItNGFhMi05ZmMzLWE5MWZmNjU5ZThmM01peGVyXzlfNjc5YWVkN2MtOTU0NC00ZDA2LWJmNjQtNmExOTM4MTc2NWNhQ09OVkVZT1JfU1RSSUdIVF8zMDFkM2Q3OS00NTVmLTRiZTItOGI4Ny04NDNmNmI3ODI3ZDhQTEFTVElDX0xJTkVSX2E3N2U3NmJjLTUzZjMtNDIwZC04YjJmLTc2MTAzYzgxMGZhY01vdGlvbkluZGljYXRvcldpZGdldF8xX2JmMjk4ZWE0LTM4Y2MtNDhiYy04ZmZlLTYyZDgyM2RlYTA4M01peGVyXzEzXzY4YmIwOWRkLTdmODktNDZlZS1iMDBhLWY1YTExMjZlNWU1ZExBQkVMSU5HX0JFTFRfOTE3YWQ0NTctZGNiNS00NzgxLWE3MzUtZGYxYzdhNDhhYjk0U2l0ZVdhdGNoQ2FtZXJhc19kNjIxMzEwYS1lOTRhLTQ4NDAtYTNhYS1iYTBiYmE0YzdmODFNaXhlcl8xNl8xZmI1NTBiMS04NjhmLTRlZmMtYjM5YS0wZTFjMGY2MTE4OTBDT05WRVlPUl9MRUZUX1RVUk5fZDJlNzJkYTktMzMzMy00YTI0LTllMjMtMGRkNjRhODI5Yzk0V2FyZWhvdXNlX1Jvb21fRV82MmEwODI2Ny1hODlmLTRhM2MtODI2ZS04NDRmYzUyNzM2ZTVXYXJlaG91c2VfRmxvb3JzcGFjZV9CXzY2MzNkYzQ5LTViMGMtNGUwYi05NzNjLTkxYzdhNGVkZjQ3ME9mZmljZV9Sb29tX0hfZjliYzgyN2UtYWY2Ni00NjMwLWFmZGUtMTkzYTk0MDY5NGZkTWl4ZXJfM18zMjE4YzZkOC02MjdlLTQ2NWYtOWFlYS1jZGJjZDIxMjYyNWJCT1hfU0VBTEVSX2MxNjM4YjllLTI3ZTEtNGU3Ni05MDk2LTVjZTJhYTFkZTZmNEJPWF9FUkVDVE9SX2M3NTAzMjJkLWJkODMtNGExNy04YjljLWFjZmE2MmVkNmQ2NFBBTExFVF9iYjk1OGVlNy1lOGI5LTQxMmMtOTFhNC1hZGRhM2Y5MjRiYTZDT09LSUVfTElORV81Y2U5ZjFkNS02MWIwLTQzM2YtYTg1MC01M2ZhN2NhMjdhYTFNb3Rpb25JbmRpY2F0b3JXaWRnZXRfMV9kZGQ1ODQ5Zi1jZTVjLTRjNmEtODA1Ni1jODI5ZWJlZTdjMjZNaXhlcl8yMl9kMTMzYzlkMC00NzJjLTQ4YmItOGYxNC01NGYzODkwYmMwZmVNaXhlcl8yMV9hMmZiMzliYS03Yzc2LTQwNjQtOTFmOC03OTI3MThiNjRmYzVWRVJUSUNBTF9DT05WRVlPUl9kNTQyM2Y3Zi0zNzljLTRhOTctYWFlMC0zYTVjMGJjYzkxMTZCT1hfU0VBTEVSXzkxYmNlYWJjLWVmM2YtNDc4My1hMDgwLTEwZmEyNTU1N2ZmOAAAAAAAAAgAAAAVAAAAJgAAADEAAABIAAAAVgAAAGMAAABzAAAAegAAAIcAAACXAAAArAAAAMMAAADaAAAA5wAAAPoAAAAKAQAAHwEAACYBAAAuAQAANgEAADwBAABEAQAAUQEAAFcBAABhAQAAbgEAAHYBAAB9AQAAlAEAAKEBAACpAQAAvAEAANMBAADhAQAA8QEAAAgCAAAYAgAAKAIAAC8CAAA6AgAATQIAAFoCAABgAgAAaAIAAHkCAACJAgAAlgIAAKMCAACsAgAAtwIAAL8CAADGAgAAzgIAAOUCAADuAgAA/AIAAAkDAAAbAwAAKAMAADADAAA3AwAASgMAAFoDAABnAwAAdwMAAIkDAACRAwAAlwMAAKwDAAC1AwAAxQMAANIDAADfAwAA5wMAAO4DAAD8AwAAAwQAAA8EAAAlBAAALAQAADwEAABKBAAAVwQAAF4EAABuBAAAewQAAJIEAACaBAAApwQAALcEAAC/BAAA0QQAAOEEAAD3BAAABAUAAAsFAAAVBQAAIAUAACYFAAAxBQAASAUAAFAFAABYBQAAaQUAAHMFAAAAAAAATWl4ZXJfMTFMQUJFTElOR19CRUxUVkVSVElDQUxfQ09OVkVZT1JDb29raWVMaW5lc01vdGlvbkluZGljYXRvcldpZGdldF8yRlJFRVpFUl9UVU5ORUxQTEFTVElDX0xJTkVSVmVydGljYWxDb252ZXlvck1peGVyXzhDT09LSUVfRk9STUVSQ09OVkVZT1JfU1RSSUdIVE1vdGlvbkluZGljYXRvcldpZGdldE1vdGlvbkluZGljYXRvcldpZGdldF8yTW90aW9uSW5kaWNhdG9yV2lkZ2V0XzFPZmZpY2VfUm9vbV9HQ2FtZXJhX01peGluZ1Jvb21fMVdhcmVob3VzZV9Sb29tX0ZNb3Rpb25JbmRpY2F0b3JXaWRnZXRNaXhlcl8wTWl4ZXJfMTlNaXhlcl8xNFBBTExFVE1peGVyXzEyT2ZmaWNlX1Jvb21fRE1peGVyc0JPWF9TRUFMRVJDT09LSUVfRk9STUVSTWl4ZXJfMjVNaXhlcl80TW90aW9uSW5kaWNhdG9yV2lkZ2V0XzFPZmZpY2VfUm9vbV9CTWl4ZXJfMTBDT05WRVlPUl9SSUdIVF9UVVJOTW90aW9uSW5kaWNhdG9yV2lkZ2V0XzFGUkVFWkVSX1RVTk5FTFdhcmVob3VzZV9Sb29tX0RNb3Rpb25JbmRpY2F0b3JXaWRnZXRfMk9mZmljZV9SZWNlcHRpb25XYXJlaG91c2VfUm9vbV9CTWl4ZXJfN0JPWF9FUkVDVE9SQ09OVkVZT1JfUklHSFRfVFVSTk9mZmljZV9Sb29tX0FQQUxMRVRNaXhlcl8xNVZFUlRJQ0FMX0NPTlZFWU9SVmVydGljYWxDb252ZXlvckNPT0tJRV9MSU5FXzJPZmZpY2VfUm9vbV9GV2FyZWhvdXNlQk9YX0VSRUNUT1JNaXhlcl8yNE1peGVyXzZNaXhlcl8xN01vdGlvbkluZGljYXRvcldpZGdldF8xRXF1aXBtZW50RlJFRVpFUl9UVU5ORUxQTEFTVElDX0xJTkVSQ09OVkVZT1JfTEVGVF9UVVJOQ09PS0lFX0ZPUk1FUk1peGVyXzE4TWl4ZXJfMUNPTlZFWU9SX1JJR0hUX1RVUk5WZXJ0aWNhbENvbnZleW9yT2ZmaWNlX1Jvb21fQ1dhcmVob3VzZV9Sb29tX0FDT05WRVlPUl9MRUZUX1RVUk5NaXhlcl8yMFNwYWNlc01vdGlvbkluZGljYXRvcldpZGdldFdhdGVyVGFua0NPTlZFWU9SX1NUUklHSFRMQUJFTElOR19CRUxUT2ZmaWNlX1Jvb21fRU1peGVyXzIzTWl4ZXJfNU9mZmljZV9IYWxsd2F5RmFjdG9yeU9mZmljZV9TcGFjZVdhcmVob3VzZV9GbG9vcnNwYWNlX0FNaXhlcl8yV2FyZWhvdXNlX1Jvb21fQ0xpc3RUZXN0RW50aXR5Q09PS0lFX0xJTkVfMU1peGVyXzlDT05WRVlPUl9TVFJJR0hUUExBU1RJQ19MSU5FUk1vdGlvbkluZGljYXRvcldpZGdldF8xTWl4ZXJfMTNMQUJFTElOR19CRUxUU2l0ZVdhdGNoQ2FtZXJhc01peGVyXzE2Q09OVkVZT1JfTEVGVF9UVVJOV2FyZWhvdXNlX1Jvb21fRVdhcmVob3VzZV9GbG9vcnNwYWNlX0JPZmZpY2VfUm9vbV9ITWl4ZXJfM0JPWF9TRUFMRVJCT1hfRVJFQ1RPUlBBTExFVENPT0tJRV9MSU5FTW90aW9uSW5kaWNhdG9yV2lkZ2V0XzFNaXhlcl8yMk1peGVyXzIxVkVSVElDQUxfQ09OVkVZT1JCT1hfU0VBTEVSAAAAAAAAAAAAAAAAAAAAAAAAAAAAAAAAAAAAAAAAAAAAAAAAAAAAAAAAAAAAAAAAAAAAAAAAAAAAAAAAAAAAAAAAAAAAAAAAAAAAAAAAAAAAAAAAAAAAAAAAAAAAAAAAAAAAAAAAAAAAAAAAAAAAAAAAAAAAAAAAAAAAAAAAAAAAAAAAAAAAAAAAAAAAAAAAAAAAAAAAAAAAAAAAAAAAAAAAAAAAAAAAAAAAAAAAAAAAAAAAAAAAAAAAAAAAAAAAAAAAAAAAAAAAAAAAAAAAAAAAAAAAAAAAAAAAAAAAAAAAAAAAAAAAAAAAAAAAAAAAAAAAAAAAAAAAAAAAAAAAAAAAAAAAAAAAAAAAAAAAAAAAAAAAAAAAAAAAAAAAAAAAAAAAAAAAAAAAAAAAAAAAAAAAAAAAAAAAAAAAAAAAAAAAAAAAAAAAAAAAAAAAAAAAAAAAAAAAAAAAAAAAAAAAAAAAAAAAAAAAAAAAAAAAAAAAAAAAAAAAAAAAAAAAAAAAAAAAAAAAAAAAAAAAAAAAAAAAAAAAAAAAAAAAAAAAAAAAAAAAAAAAAAAAAAAAAAAAAAAAAAAAMtYIDtHpFoAIV7YL0ekWQC+wtQ3R6RaA2E4SC9HpFsDNwXcM0ekWgGDThQ3R6RaAr9OpDdHpFkCigOYM0ekWgHxgPw/R6RaApyR6DdHpFoChW30L0ekWAPj5Vg3R6RZAcl2LC9HpFkBOhEEM0ekWwCpwNhDR6RZAAJmBD9HpFoAgD80Q0ekWQO0SWgzR6RaAFs/iDdHpFgBoVoQO0ekWwBItOQ7R6RaA222dDdHpFgDDPRoO0ekWAAtuBBDR6RZAh+3ZDdHpFkDufDYL0ekWwCREmgvR6RaA5gXqDtHpFsDZHQMP0ekWALjJwQ3R6RYAlCbmD9HpFoC1XfsN0ekWQPp+XwvR6RbAF+HRDNHpFoD+gqgL0ekWQBaTrBDR6RbAHgtuDdHpFgDncMYP0ekWgOqXjhDR6RbASL8uD9HpFkAInSkL0ekWQGajSg3R6RbAwK/UD9HpFkDH3sML0ekWgBBgSA7R6RZAv1zFDNHpFgCD8s0N0ekWgGN99wzR6RYAVYQhENHpFkC2plgQ0ekWwJ3mBA3R6RZASf3ZDtHpFsDtxR4P0ekWgAX+aQ7R6RYA28xSC9HpFsCgWggL0ekWAEhtlAzR6RYAWMK2DNHpFsBGSSsN0ekWAFlQhwzR6RZAsgt3DtHpFoDGQO4N0ekWQBmtTQzR6RYAlrvzC9HpFgDdpfUP0ekWQLAugRDR6RYAyLtEC9HpFkAhraIO0ekWQJVTjA/R6RbAW0BsC9HpFkCJUWMP0ekWAOtFaQzR6RZAQyugDNHpFgBU7RMQ0ekWAElVxw7R6RYAC0oQD9HpFkBM3bkP0ekWgKKLmA/R6RYADYqlD9HpFsDqNmQQ0ekWwB2hkQ7R6RbAWm+dENHpFkBJREMHI+oWQAaTAgzR6RZAnodPD9HpFsB31mIN0ekWQInKzwvR6RZA3ng5DdHpFsDtoSoO0ekWAKfdkQ3R6RbA3YJ2D9HpFgCfUlYO0ekWACaVNAzR6RZACprAENHpFkBnr3EQ0ekWgCijRRDR6RYAdfj3DtHpFgBbkBwN0ekWAIZvDgzR6RYAqFCrDNHpFsDKzx0L0ekWALDb5gvR6RbAMuC6DtHpFgCzA68O0ekWwM/U2wvR6RZAt5sbDNHpFgAAAAB5AAAA9wAAAHkBAAD1AQAAfQIAAPwCAAB6AwAA+wMAAHMEAADxBAAAcgUAAPgFAACABgAACAcAAIYHAAAKCAAAiwgAABEJAACJCQAAAgoAAHsKAADyCgAAawsAAOkLAABgDAAA2wwAAFkNAADSDQAASg4AANIOAABQDwAAyQ8AAE0QAADVEAAAVBEAANURAABdEgAA3hIAAF8TAADXEwAAUxQAANcUAABVFQAAzBUAAEUWAADHFgAASBcAAMYXAABEGAAAvhgAADoZAACzGQAAKxoAAKQaAAAsGwAAphsAACUcAACjHAAAJh0AAKQdAAAdHgAAlR4AABkfAACaHwAAGCAAAJkgAAAcIQAAlSEAAAwiAACSIgAADCMAAI0jAAALJAAAiSQAAAIlAAB6JQAA+SUAAHEmAADuJgAAdScAAO0nAABuKAAA3igAAFwpAADUKQAAVSoAANMqAABbKwAA1CsAAFIsAADTLAAATC0AAM8tAABQLgAA1y4AAFUvAADNLwAASDAAAMQwAAA7MQAAtzEAAD8yAAC4MgAAMTMAALMzAAAuNAAAAAAAAGFybjphd3M6aW90dHdpbm1ha2VyOnVzLWVhc3QtMToxNjY4MDA3NjkxNzk6d29ya3NwYWNlL0FsYXJtV29ya3NwYWNlL2VudGl0eS9NaXhlcl8xMV82Nzc4NWYzZi0yMjlkLTRkNDEtOWNlNC0wOWE1YWYxZjE1MmJhcm46YXdzOmlvdHR3aW5tYWtlcjp1cy1lYXN0LTE6MTY2ODAwNzY5MTc5OndvcmtzcGFjZS9BbGFybVdvcmtzcGFjZS9lbnRpdHkvTEFCRUxJTkdfQkVMVF81Zjk4ZmZkMi1jZWQxLTQ4ZGQtYTExMS1lMzUwM2I0ZTg1MzJhcm46YXdzOmlvdHR3aW5tYWtlcjp1cy1lYXN0LTE6MTY2ODAwNzY5MTc5OndvcmtzcGFjZS9BbGFybVdvcmtzcGFjZS9lbnRpdHkvVkVSVElDQUxfQ09OVkVZT1JfYzk0ZjQ2YzItZjQ3Yy00MzdhLTk5OGMtZDZlOTFiNzM2ZTI0YXJuOmF3czppb3R0d2lubWFrZXI6dXMtZWFzdC0xOjE2NjgwMDc2OTE3OTp3b3Jrc3BhY2UvQWxhcm1Xb3Jrc3BhY2UvZW50aXR5L0Nvb2tpZUxpbmVzX2E3YTQ3YjNjLThkZTAtNDI4My1iZjNmLTQxNzdiYzA0NjRlZGFybjphd3M6aW90dHdpbm1ha2VyOnVzLWVhc3QtMToxNjY4MDA3NjkxNzk6d29ya3NwYWNlL0FsYXJtV29ya3NwYWNlL2VudGl0eS9Nb3Rpb25JbmRpY2F0b3JXaWRnZXRfMl82ZjcyMmY4NC0zMGM4LTQyNmQtYWU3Yy1mOTQwNjc0ZDgyZjlhcm46YXdzOmlvdHR3aW5tYWtlcjp1cy1lYXN0LTE6MTY2ODAwNzY5MTc5OndvcmtzcGFjZS9BbGFybVdvcmtzcGFjZS9lbnRpdHkvRlJFRVpFUl9UVU5ORUxfMmYyMTcyNmQtNjRmOS00ZTkyLTg2ZTItYjhkMWJiM2U1NGQ3YXJuOmF3czppb3R0d2lubWFrZXI6dXMtZWFzdC0xOjE2NjgwMDc2OTE3OTp3b3Jrc3BhY2UvQWxhcm1Xb3Jrc3BhY2UvZW50aXR5L1BMQVNUSUNfTElORVJfNzNhNWMxMWQtZDczOC00NmVmLWJhMGMtOTY5ZDBhYmQxMzM0YXJuOmF3czppb3R0d2lubWFrZXI6dXMtZWFzdC0xOjE2NjgwMDc2OTE3OTp3b3Jrc3BhY2UvQWxhcm1Xb3Jrc3BhY2UvZW50aXR5L1ZlcnRpY2FsQ29udmV5b3JfYmY1YzNiMmEtYzA5Mi00M2Q2LTkwZGYtMDdjOGNlZDU1MmIwYXJuOmF3czppb3R0d2lubWFrZXI6dXMtZWFzdC0xOjE2NjgwMDc2OTE3OTp3b3Jrc3BhY2UvQWxhcm1Xb3Jrc3BhY2UvZW50aXR5L01peGVyXzhfZmM2ZTUyZGQtMTYwMC00MDJmLWFlZTctNGQxN2VjYTY4ZDVmYXJuOmF3czppb3R0d2lubWFrZXI6dXMtZWFzdC0xOjE2NjgwMDc2OTE3OTp3b3Jrc3BhY2UvQWxhcm1Xb3Jrc3BhY2UvZW50aXR5L0NPT0tJRV9GT1JNRVJfOTNiYWUxNmMtOWNhZi00MjgxLTg1MDktZTA0NGRkMTdmYTM0YXJuOmF3czppb3R0d2lubWFrZXI6dXMtZWFzdC0xOjE2NjgwMDc2OTE3OTp3b3Jrc3BhY2UvQWxhcm1Xb3Jrc3BhY2UvZW50aXR5L0NPTlZFWU9SX1NUUklHSFRfOWM2MmM1NDYtZjhlZi00ODlkLTk5MzgtZDQ2YTEyYzk3ZjMyYXJuOmF3czppb3R0d2lubWFrZXI6dXMtZWFzdC0xOjE2NjgwMDc2OTE3OTp3b3Jrc3BhY2UvQWxhcm1Xb3Jrc3BhY2UvZW50aXR5L01vdGlvbkluZGljYXRvcldpZGdldF9lMWQ1MmM3Yy1iMzM2LTQ5MTEtODRlOC0zZmMxMTU1YTExOGZhcm46YXdzOmlvdHR3aW5tYWtlcjp1cy1lYXN0LTE6MTY2ODAwNzY5MTc5OndvcmtzcGFjZS9BbGFybVdvcmtzcGFjZS9lbnRpdHkvTW90aW9uSW5kaWNhdG9yV2lkZ2V0XzJfMzEwMWVhYmYtYWQwNS00MjMyLThmZjMtNjc1ZDNjZGE0NDA1YXJuOmF3czppb3R0d2lubWFrZXI6dXMtZWFzdC0xOjE2NjgwMDc2OTE3OTp3b3Jrc3BhY2UvQWxhcm1Xb3Jrc3BhY2UvZW50aXR5L01vdGlvbkluZGljYXRvcldpZGdldF8xX2VjYmY0YTY1LTAyNWItNGQ0Ny1hMzk1LTI0ZDQwMDEwOWIwM2Fybjphd3M6aW90dHdpbm1ha2VyOnVzLWVhc3QtMToxNjY4MDA3NjkxNzk6d29ya3NwYWNlL0FsYXJtV29ya3NwYWNlL2VudGl0eS9PZmZpY2VfUm9vbV9HX2Q4NGRhNDFjLTMzYTMtNGM1YS1hMGNhLWEyMDNiZjVhMmZhZmFybjphd3M6aW90dHdpbm1ha2VyOnVzLWVhc3QtMToxNjY4MDA3NjkxNzk6d29ya3NwYWNlL0FsYXJtV29ya3NwYWNlL2VudGl0eS9DYW1lcmFfTWl4aW5nUm9vbV8xXzlhOWFmOTljLTlhOGEtNDlhOS1iM2MyLTYxZGU4ZThhZmUwY2Fybjphd3M6aW90dHdpbm1ha2VyOnVzLWVhc3QtMToxNjY4MDA3NjkxNzk6d29ya3NwYWNlL0FsYXJtV29ya3NwYWNlL2VudGl0eS9XYXJlaG91c2VfUm9vbV9GXzMxNGIzZGFmLTg4OGQtNDFmZi1hZTUzLTBlODNhYWMyZjcwMGFybjphd3M6aW90dHdpbm1ha2VyOnVzLWVhc3QtMToxNjY4MDA3NjkxNzk6d29ya3NwYWNlL0FsYXJtV29ya3NwYWNlL2VudGl0eS9Nb3Rpb25JbmRpY2F0b3JXaWRnZXRfYWE4YWU0ZWEtZWQzMy00N2I2LWFlODQtM2MwY2ZlN2U0NzA1YXJuOmF3czppb3R0d2lubWFrZXI6dXMtZWFzdC0xOjE2NjgwMDc2OTE3OTp3b3Jrc3BhY2UvQWxhcm1Xb3Jrc3BhY2UvZW50aXR5L01peGVyXzBfY2Q4MWQ5ZmQtM2Y3NC00MzdhLTgwMmItOTc0N2ZmMjQwODM3YXJuOmF3czppb3R0d2lubWFrZXI6dXMtZWFzdC0xOjE2NjgwMDc2OTE3OTp3b3Jrc3BhY2UvQWxhcm1Xb3Jrc3BhY2UvZW50aXR5L01peGVyXzE5XzAwMmEwYmZkLTc4ZjItNDdkNS1iNjk0LTczZmZlYjBiZTllZWFybjphd3M6aW90dHdpbm1ha2VyOnVzLWVhc3QtMToxNjY4MDA3NjkxNzk6d29ya3NwYWNlL0FsYXJtV29ya3NwYWNlL2VudGl0eS9NaXhlcl8xNF80NTZiYTI5MS1iZjYwLTQxN2EtODQ4Zi0yMmE1MmJjMWNiNjZhcm46YXdzOmlvdHR3aW5tYWtlcjp1cy1lYXN0LTE6MTY2ODAwNzY5MTc5OndvcmtzcGFjZS9BbGFybVdvcmtzcGFjZS9lbnRpdHkvUEFMTEVUX2M3OTBjNGYyLTg1ZjAtNGNmNC05YzA4LTg0NmVjNDllM2Y0YWFybjphd3M6aW90dHdpbm1ha2VyOnVzLWVhc3QtMToxNjY4MDA3NjkxNzk6d29ya3NwYWNlL0FsYXJtV29ya3NwYWNlL2VudGl0eS9NaXhlcl8xMl84N2MxOWZkZi1lODI0LTQ3MmQtYTJlMy0xNTAxMmU4ZmM3YThhcm46YXdzOmlvdHR3aW5tYWtlcjp1cy1lYXN0LTE6MTY2ODAwNzY5MTc5OndvcmtzcGFjZS9BbGFybVdvcmtzcGFjZS9lbnRpdHkvT2ZmaWNlX1Jvb21fRF8xMDhlYTU0NS02MTRjLTQzMjEtOGY1Yi1hN2NkOWI4NzU1NmJhcm46YXdzOmlvdHR3aW5tYWtlcjp1cy1lYXN0LTE6MTY2ODAwNzY5MTc5OndvcmtzcGFjZS9BbGFybVdvcmtzcGFjZS9lbnRpdHkvTWl4ZXJzX2IxZTA4MWVlLWU2YTMtNDYzNi04MmNiLTZiNmJjZTA3ODZhN2Fybjphd3M6aW90dHdpbm1ha2VyOnVzLWVhc3QtMToxNjY4MDA3NjkxNzk6d29ya3NwYWNlL0FsYXJtV29ya3NwYWNlL2VudGl0eS9CT1hfU0VBTEVSX2FkNDM0YTM0LTQzNjMtNGEzNi04MTUzLTIwYmQ3MTg5OTUxZGFybjphd3M6aW90dHdpbm1ha2VyOnVzLWVhc3QtMToxNjY4MDA3NjkxNzk6d29ya3NwYWNlL0FsYXJtV29ya3NwYWNlL2VudGl0eS9DT09LSUVfRk9STUVSXzE5NTU2YmZkLTQ2OWMtNDBiYy1hMzg5LWRiZWFiMjU1YzE0NGFybjphd3M6aW90dHdpbm1ha2VyOnVzLWVhc3QtMToxNjY4MDA3NjkxNzk6d29ya3NwYWNlL0FsYXJtV29ya3NwYWNlL2VudGl0eS9NaXhlcl8yNV83ZDA0MGE0Mi01NWM3LTRhMWMtOTUwOS1jZTNlMDllODA3MWVhcm46YXdzOmlvdHR3aW5tYWtlcjp1cy1lYXN0LTE6MTY2ODAwNzY5MTc5OndvcmtzcGFjZS9BbGFybVdvcmtzcGFjZS9lbnRpdHkvTWl4ZXJfNF83ODRiM2MzZS01Nzc5LTRjYTEtYWQwYi0wMzZiMThkZDFmY2Nhcm46YXdzOmlvdHR3aW5tYWtlcjp1cy1lYXN0LTE6MTY2ODAwNzY5MTc5OndvcmtzcGFjZS9BbGFybVdvcmtzcGFjZS9lbnRpdHkvTW90aW9uSW5kaWNhdG9yV2lkZ2V0XzFfOWRmZmYyYjAtZTZkYi00NDdiLWI5MDMtYWY4NzAxNThhOGFiYXJuOmF3czppb3R0d2lubWFrZXI6dXMtZWFzdC0xOjE2NjgwMDc2OTE3OTp3b3Jrc3BhY2UvQWxhcm1Xb3Jrc3BhY2UvZW50aXR5L09mZmljZV9Sb29tX0JfMDM0MzJiNDEtNWY5My00ODBlLWEwZDQtMmE2MWE1YzIzMTczYXJuOmF3czppb3R0d2lubWFrZXI6dXMtZWFzdC0xOjE2NjgwMDc2OTE3OTp3b3Jrc3BhY2UvQWxhcm1Xb3Jrc3BhY2UvZW50aXR5L01peGVyXzEwXzllZTg5MTNkLTFmZWYtNDQ1My1iZWVlLWZiZmMxNDdmYzAzY2Fybjphd3M6aW90dHdpbm1ha2VyOnVzLWVhc3QtMToxNjY4MDA3NjkxNzk6d29ya3NwYWNlL0FsYXJtV29ya3NwYWNlL2VudGl0eS9DT05WRVlPUl9SSUdIVF9UVVJOX2M0ZjJkZjNkLTI2YTItNDVjNS1hNmM5LTAyY2EwMGViNGFmNmFybjphd3M6aW90dHdpbm1ha2VyOnVzLWVhc3QtMToxNjY4MDA3NjkxNzk6d29ya3NwYWNlL0FsYXJtV29ya3NwYWNlL2VudGl0eS9Nb3Rpb25JbmRpY2F0b3JXaWRnZXRfMV8zNzE3MjE1NC1mMzFmLTRmOGEtYmQwMC1lNTY3NmViNDNlYWZhcm46YXdzOmlvdHR3aW5tYWtlcjp1cy1lYXN0LTE6MTY2ODAwNzY5MTc5OndvcmtzcGFjZS9BbGFybVdvcmtzcGFjZS9lbnRpdHkvRlJFRVpFUl9UVU5ORUxfZTEyZTA3MzMtZjVkZi00NjA0LThmMTAtNDE3ZjQ5ZTZkMjk4YXJuOmF3czppb3R0d2lubWFrZXI6dXMtZWFzdC0xOjE2NjgwMDc2OTE3OTp3b3Jrc3BhY2UvQWxhcm1Xb3Jrc3BhY2UvZW50aXR5L1dhcmVob3VzZV9Sb29tX0RfZTJhZmI1N2ItNjNhZC00ZTZhLWFkYTMtNDkyZjhkMTFmNTYzYXJuOmF3czppb3R0d2lubWFrZXI6dXMtZWFzdC0xOjE2NjgwMDc2OTE3OTp3b3Jrc3BhY2UvQWxhcm1Xb3Jrc3BhY2UvZW50aXR5L01vdGlvbkluZGljYXRvcldpZGdldF8yX2I5ZTM3OGM5LTJlYTYtNDA0MS04NDlmLTMyZDc4ZDIzOTJkMGFybjphd3M6aW90dHdpbm1ha2VyOnVzLWVhc3QtMToxNjY4MDA3NjkxNzk6d29ya3NwYWNlL0FsYXJtV29ya3NwYWNlL2VudGl0eS9PZmZpY2VfUmVjZXB0aW9uXzBkODM5MzI0LTRkYTMtNDE4OS1hYTRiLWQyZGJiZDJkMDYxOWFybjphd3M6aW90dHdpbm1ha2VyOnVzLWVhc3QtMToxNjY4MDA3NjkxNzk6d29ya3NwYWNlL0FsYXJtV29ya3NwYWNlL2VudGl0eS9XYXJlaG91c2VfUm9vbV9CXzQ5ZTE2OGY5LTQxM2EtNGE3NS1iNDcyLTY3N2Y0NjE3YjRjOGFybjphd3M6aW90dHdpbm1ha2VyOnVzLWVhc3QtMToxNjY4MDA3NjkxNzk6d29ya3NwYWNlL0FsYXJtV29ya3NwYWNlL2VudGl0eS9NaXhlcl83XzUyMmU2NGQ2LWI1YzItNDk4MC1iZDNmLTVkYjFjZjgzN2IxZmFybjphd3M6aW90dHdpbm1ha2VyOnVzLWVhc3QtMToxNjY4MDA3NjkxNzk6d29ya3NwYWNlL0FsYXJtV29ya3NwYWNlL2VudGl0eS9CT1hfRVJFQ1RPUl8xNDI0OTZhZi1kZjJlLTQ5MGUtYWVkNS0yNTgwZWFmNzVlNDBhcm46YXdzOmlvdHR3aW5tYWtlcjp1cy1lYXN0LTE6MTY2ODAwNzY5MTc5OndvcmtzcGFjZS9BbGFybVdvcmtzcGFjZS9lbnRpdHkvQ09OVkVZT1JfUklHSFRfVFVSTl9lNDNkZjYxZS1mNjc1LTQ2MWYtOTdkMS1mYTE2Yjk4NTU0MzRhcm46YXdzOmlvdHR3aW5tYWtlcjp1cy1lYXN0LTE6MTY2ODAwNzY5MTc5OndvcmtzcGFjZS9BbGFybVdvcmtzcGFjZS9lbnRpdHkvT2ZmaWNlX1Jvb21fQV8yYWQ0MWVhMC0xZjA4LTQxMjAtOTQ4NS1kY2ZjYjE4ZDdiMWZhcm46YXdzOmlvdHR3aW5tYWtlcjp1cy1lYXN0LTE6MTY2ODAwNzY5MTc5OndvcmtzcGFjZS9BbGFybVdvcmtzcGFjZS9lbnRpdHkvUEFMTEVUXzk4NjQ4YTg0LTcyZGEtNDQzYS1iNjI1LWY2NzFkOTlhMTNiYWFybjphd3M6aW90dHdpbm1ha2VyOnVzLWVhc3QtMToxNjY4MDA3NjkxNzk6d29ya3NwYWNlL0FsYXJtV29ya3NwYWNlL2VudGl0eS9NaXhlcl8xNV8zYmEyOWFjMi02ZmNjLTQ4ODQtYTk2ZS1mY2FiMzljYWEzNWZhcm46YXdzOmlvdHR3aW5tYWtlcjp1cy1lYXN0LTE6MTY2ODAwNzY5MTc5OndvcmtzcGFjZS9BbGFybVdvcmtzcGFjZS9lbnRpdHkvVkVSVElDQUxfQ09OVkVZT1JfYTEwZWUyMWMtYzg1OS00ZDczLWIwYmItMzk2ZGFhZjAyMzM1YXJuOmF3czppb3R0d2lubWFrZXI6dXMtZWFzdC0xOjE2NjgwMDc2OTE3OTp3b3Jrc3BhY2UvQWxhcm1Xb3Jrc3BhY2UvZW50aXR5L1ZlcnRpY2FsQ29udmV5b3JfOWY0MzIzYTMtNmM4Ny00MTlhLWEwODctNmJlMWE0YzZhOTI2YXJuOmF3czppb3R0d2lubWFrZXI6dXMtZWFzdC0xOjE2NjgwMDc2OTE3OTp3b3Jrc3BhY2UvQWxhcm1Xb3Jrc3BhY2UvZW50aXR5L0NPT0tJRV9MSU5FXzJfMzFiZTQ0YmUtNmRmMy00MzEyLWJkOGYtODRhOTI4MmY1MDI5YXJuOmF3czppb3R0d2lubWFrZXI6dXMtZWFzdC0xOjE2NjgwMDc2OTE3OTp3b3Jrc3BhY2UvQWxhcm1Xb3Jrc3BhY2UvZW50aXR5L09mZmljZV9Sb29tX0ZfMjliYzQzZDUtYjc4Ny00N2NmLTlkZGItMDlhZGMyMzY2YTNiYXJuOmF3czppb3R0d2lubWFrZXI6dXMtZWFzdC0xOjE2NjgwMDc2OTE3OTp3b3Jrc3BhY2UvQWxhcm1Xb3Jrc3BhY2UvZW50aXR5L1dhcmVob3VzZV8wNTg3NzlhZi04MjkyLTQ2MzYtODRlZS1jMDY1ZTZkYTQ2MmRhcm46YXdzOmlvdHR3aW5tYWtlcjp1cy1lYXN0LTE6MTY2ODAwNzY5MTc5OndvcmtzcGFjZS9BbGFybVdvcmtzcGFjZS9lbnRpdHkvQk9YX0VSRUNUT1JfMTcwYzVlMjEtNDQxZC00MTgxLWFiM2EtZjdkMDFlZGRmMWI4YXJuOmF3czppb3R0d2lubWFrZXI6dXMtZWFzdC0xOjE2NjgwMDc2OTE3OTp3b3Jrc3BhY2UvQWxhcm1Xb3Jrc3BhY2UvZW50aXR5L01peGVyXzI0XzI1NGIxNTk3LTMxNTMtNGVlMS1iYWU0LWQ5NjFjNTgxMGU3ZmFybjphd3M6aW90dHdpbm1ha2VyOnVzLWVhc3QtMToxNjY4MDA3NjkxNzk6d29ya3NwYWNlL0FsYXJtV29ya3NwYWNlL2VudGl0eS9NaXhlcl82XzlhYTBjZDZjLWE4ZjctNGE4YS05ODgxLTljM2NiMmEyMmJmMWFybjphd3M6aW90dHdpbm1ha2VyOnVzLWVhc3QtMToxNjY4MDA3NjkxNzk6d29ya3NwYWNlL0FsYXJtV29ya3NwYWNlL2VudGl0eS9NaXhlcl8xN18wYTcxYjMyMS03ZmY5LTQ2MjQtYTg5NC1kMGE0NTQxZDYzMGNhcm46YXdzOmlvdHR3aW5tYWtlcjp1cy1lYXN0LTE6MTY2ODAwNzY5MTc5OndvcmtzcGFjZS9BbGFybVdvcmtzcGFjZS9lbnRpdHkvTW90aW9uSW5kaWNhdG9yV2lkZ2V0XzFfNzU0ZmVkNjItZDFmNi00MDNjLWIwMWUtMGUyZDdhMmRkOTViYXJuOmF3czppb3R0d2lubWFrZXI6dXMtZWFzdC0xOjE2NjgwMDc2OTE3OTp3b3Jrc3BhY2UvQWxhcm1Xb3Jrc3BhY2UvZW50aXR5L0VxdWlwbWVudF81YzllODNkMi0xODgwLTRmODMtYWZmZC05YTI3ZjgwZDM5Zjdhcm46YXdzOmlvdHR3aW5tYWtlcjp1cy1lYXN0LTE6MTY2ODAwNzY5MTc5OndvcmtzcGFjZS9BbGFybVdvcmtzcGFjZS9lbnRpdHkvRlJFRVpFUl9UVU5ORUxfYzcyNmEyMWUtOGZkNC00MjEwLWI3MWUtMGVmOWFjYzU5ZDk3YXJuOmF3czppb3R0d2lubWFrZXI6dXMtZWFzdC0xOjE2NjgwMDc2OTE3OTp3b3Jrc3BhY2UvQWxhcm1Xb3Jrc3BhY2UvZW50aXR5L1BMQVNUSUNfTElORVJfMjNkZjJhNzItMzBkNi00ZjhmLWJjMTUtOTVhOGU5NDViNGZhYXJuOmF3czppb3R0d2lubWFrZXI6dXMtZWFzdC0xOjE2NjgwMDc2OTE3OTp3b3Jrc3BhY2UvQWxhcm1Xb3Jrc3BhY2UvZW50aXR5L0NPTlZFWU9SX0xFRlRfVFVSTl9mNTE4Y2M0My05MGQ2LTRjNzctYmYwNi1hMDk2MDgwMjM0YWFhcm46YXdzOmlvdHR3aW5tYWtlcjp1cy1lYXN0LTE6MTY2ODAwNzY5MTc5OndvcmtzcGFjZS9BbGFybVdvcmtzcGFjZS9lbnRpdHkvQ09PS0lFX0ZPUk1FUl9lODdhY2FkMi0xODUyLTRmOTgtODkxZi1jOGY5YTNlYjdkZDRhcm46YXdzOmlvdHR3aW5tYWtlcjp1cy1lYXN0LTE6MTY2ODAwNzY5MTc5OndvcmtzcGFjZS9BbGFybVdvcmtzcGFjZS9lbnRpdHkvTWl4ZXJfMThfMGJkNDlhMDAtMTI4Yi00YTA1LWI2OTQtYzBhY2YwZTEyMDQ3YXJuOmF3czppb3R0d2lubWFrZXI6dXMtZWFzdC0xOjE2NjgwMDc2OTE3OTp3b3Jrc3BhY2UvQWxhcm1Xb3Jrc3BhY2UvZW50aXR5L01peGVyXzFfNGI1N2NiZWUtYzM5MS00ZGU2LWI4ODItNjIyYzYzM2E2OTdlYXJuOmF3czppb3R0d2lubWFrZXI6dXMtZWFzdC0xOjE2NjgwMDc2OTE3OTp3b3Jrc3BhY2UvQWxhcm1Xb3Jrc3BhY2UvZW50aXR5L0NPTlZFWU9SX1JJR0hUX1RVUk5fNTQ5NzIxOTQtOTM5NC00MTU4LWExMjItMTM4YTdlNGE2NjU0YXJuOmF3czppb3R0d2lubWFrZXI6dXMtZWFzdC0xOjE2NjgwMDc2OTE3OTp3b3Jrc3BhY2UvQWxhcm1Xb3Jrc3BhY2UvZW50aXR5L1ZlcnRpY2FsQ29udmV5b3JfMTk4OWRhYTItN2I2Yi00NzE3LWEyMzMtNWY3MDgwNzNlZTRlYXJuOmF3czppb3R0d2lubWFrZXI6dXMtZWFzdC0xOjE2NjgwMDc2OTE3OTp3b3Jrc3BhY2UvQWxhcm1Xb3Jrc3BhY2UvZW50aXR5L09mZmljZV9Sb29tX0NfYjViMzgxY2QtYjdkNy00NzdmLThlZDAtZTgwNzIzZTg5MTkyYXJuOmF3czppb3R0d2lubWFrZXI6dXMtZWFzdC0xOjE2NjgwMDc2OTE3OTp3b3Jrc3BhY2UvQWxhcm1Xb3Jrc3BhY2UvZW50aXR5L1dhcmVob3VzZV9Sb29tX0FfZTRjNTc5ZGQtNWM1OS00NmY4LWE5YWUtZTQwNmQ2NDM4MTMyYXJuOmF3czppb3R0d2lubWFrZXI6dXMtZWFzdC0xOjE2NjgwMDc2OTE3OTp3b3Jrc3BhY2UvQWxhcm1Xb3Jrc3BhY2UvZW50aXR5L0NPTlZFWU9SX0xFRlRfVFVSTl9iMjhmMmNhOS1iNmE3LTQ0Y2QtYTYyZC03Zjc2ZmMxN2JhNDVhcm46YXdzOmlvdHR3aW5tYWtlcjp1cy1lYXN0LTE6MTY2ODAwNzY5MTc5OndvcmtzcGFjZS9BbGFybVdvcmtzcGFjZS9lbnRpdHkvTWl4ZXJfMjBfNDM0NWM3MTktY2Y3Ni00YzRmLThjMTAtMzVjNjk1MTRlNjA2YXJuOmF3czppb3R0d2lubWFrZXI6dXMtZWFzdC0xOjE2NjgwMDc2OTE3OTp3b3Jrc3BhY2UvQWxhcm1Xb3Jrc3BhY2UvZW50aXR5L1NwYWNlc19hYWUxNDdmYS0wMTRmLTQxYjAtYWRiZS0xZGQ2ODAyYmZlNDhhcm46YXdzOmlvdHR3aW5tYWtlcjp1cy1lYXN0LTE6MTY2ODAwNzY5MTc5OndvcmtzcGFjZS9BbGFybVdvcmtzcGFjZS9lbnRpdHkvTW90aW9uSW5kaWNhdG9yV2lkZ2V0X2UxNTVkOTRkLTg0Y2QtNDYwZi05YTkzLTM3YWFlYTc0MjA0MGFybjphd3M6aW90dHdpbm1ha2VyOnVzLWVhc3QtMToxNjY4MDA3NjkxNzk6d29ya3NwYWNlL0FsYXJtV29ya3NwYWNlL2VudGl0eS9XYXRlclRhbmtfYWI1ZThiYzAtNWM4Zi00NGQ4LWIwYTktYmVmOWM4ZDJjZmFiYXJuOmF3czppb3R0d2lubWFrZXI6dXMtZWFzdC0xOjE2NjgwMDc2OTE3OTp3b3Jrc3BhY2UvQWxhcm1Xb3Jrc3BhY2UvZW50aXR5L0NPTlZFWU9SX1NUUklHSFRfYTFmOTBhZjgtZWE4OC00Mzk3LWIyNjMtNTdlYTZlNDFlNTU0YXJuOmF3czppb3R0d2lubWFrZXI6dXMtZWFzdC0xOjE2NjgwMDc2OTE3OTp3b3Jrc3BhY2UvQWxhcm1Xb3Jrc3BhY2UvZW50aXR5L0xBQkVMSU5HX0JFTFRfYTUwN2RiODUtMmQ5NC00OGQ3LWI3ZTAtYTIwNWMxYjViNTA5YXJuOmF3czppb3R0d2lubWFrZXI6dXMtZWFzdC0xOjE2NjgwMDc2OTE3OTp3b3Jrc3BhY2UvQWxhcm1Xb3Jrc3BhY2UvZW50aXR5L09mZmljZV9Sb29tX0VfNjE3NGVhM2QtYzJhMC00OTI5LTkwM2YtZmE2YjliOTc5ZDkyYXJuOmF3czppb3R0d2lubWFrZXI6dXMtZWFzdC0xOjE2NjgwMDc2OTE3OTp3b3Jrc3BhY2UvQWxhcm1Xb3Jrc3BhY2UvZW50aXR5L01peGVyXzIzXzAxN2Q5MmE4LTZiYzgtNDRkMC1hYWNmLTg5NDNmYjc3Njg3N2Fybjphd3M6aW90dHdpbm1ha2VyOnVzLWVhc3QtMToxNjY4MDA3NjkxNzk6d29ya3NwYWNlL0FsYXJtV29ya3NwYWNlL2VudGl0eS9NaXhlcl81XzAxOGZiZjY5LWMwNmEtNDY5MC04ODE3LTUzYmYxNjNkZjhkNGFybjphd3M6aW90dHdpbm1ha2VyOnVzLWVhc3QtMToxNjY4MDA3NjkxNzk6d29ya3NwYWNlL0FsYXJtV29ya3NwYWNlL2VudGl0eS9PZmZpY2VfSGFsbHdheV9kNzczOGIwYy03YTlkLTQ3OTEtYTQ5ZC1kZGM1MjBmNTAyMTJhcm46YXdzOmlvdHR3aW5tYWtlcjp1cy1lYXN0LTE6MTY2ODAwNzY5MTc5OndvcmtzcGFjZS9BbGFybVdvcmtzcGFjZS9lbnRpdHkvRmFjdG9yeV9hYTNkN2Q4Yi02Yjk0LTQ0ZmUtYWIwMi02OTM2YmZjZGFkZTZhcm46YXdzOmlvdHR3aW5tYWtlcjp1cy1lYXN0LTE6MTY2ODAwNzY5MTc5OndvcmtzcGFjZS9BbGFybVdvcmtzcGFjZS9lbnRpdHkvT2ZmaWNlX1NwYWNlXzNjMWUxYmRlLWI4NDItNDk2ZC05ODMyLWExYzdkYjVkODVhYmFybjphd3M6aW90dHdpbm1ha2VyOnVzLWVhc3QtMToxNjY4MDA3NjkxNzk6d29ya3NwYWNlL0FsYXJtV29ya3NwYWNlL2VudGl0eS9XYXJlaG91c2VfRmxvb3JzcGFjZV9BX2FiY2Y5M2FhLWEyOWEtNDI4Yy1iZWJjLTRiMGQ5YjQ0NzAzN2Fybjphd3M6aW90dHdpbm1ha2VyOnVzLWVhc3QtMToxNjY4MDA3NjkxNzk6d29ya3NwYWNlL0FsYXJtV29ya3NwYWNlL2VudGl0eS9NaXhlcl8yXzA2YWM2M2M0LWQ2OGQtNDcyMy04OTFhLThlNzU4Zjg0NTZlZmFybjphd3M6aW90dHdpbm1ha2VyOnVzLWVhc3QtMToxNjY4MDA3NjkxNzk6d29ya3NwYWNlL0FsYXJtV29ya3NwYWNlL2VudGl0eS9XYXJlaG91c2VfUm9vbV9DX2ViMTE3NTA2LTQ3OWMtNDg5OS1iNDBmLTEyMGVjOTQ1NzJjYmFybjphd3M6aW90dHdpbm1ha2VyOnVzLWVhc3QtMToxNjY4MDA3NjkxNzk6d29ya3NwYWNlL0FsYXJtV29ya3NwYWNlL2VudGl0eS83NjZkZGU3Zi0xOWE1LTRjMmYtYTdlOS00ODQ5ODIyMmY1Nzdhcm46YXdzOmlvdHR3aW5tYWtlcjp1cy1lYXN0LTE6MTY2ODAwNzY5MTc5OndvcmtzcGFjZS9BbGFybVdvcmtzcGFjZS9lbnRpdHkvQ09PS0lFX0xJTkVfMV83MGNkZTA5Yy0yYzJiLTRhYTItOWZjMy1hOTFmZjY1OWU4ZjNhcm46YXdzOmlvdHR3aW5tYWtlcjp1cy1lYXN0LTE6MTY2ODAwNzY5MTc5OndvcmtzcGFjZS9BbGFybVdvcmtzcGFjZS9lbnRpdHkvTWl4ZXJfOV82NzlhZWQ3Yy05NTQ0LTRkMDYtYmY2NC02YTE5MzgxNzY1Y2Fhcm46YXdzOmlvdHR3aW5tYWtlcjp1cy1lYXN0LTE6MTY2ODAwNzY5MTc5OndvcmtzcGFjZS9BbGFybVdvcmtzcGFjZS9lbnRpdHkvQ09OVkVZT1JfU1RSSUdIVF8zMDFkM2Q3OS00NTVmLTRiZTItOGI4Ny04NDNmNmI3ODI3ZDhhcm46YXdzOmlvdHR3aW5tYWtlcjp1cy1lYXN0LTE6MTY2ODAwNzY5MTc5OndvcmtzcGFjZS9BbGFybVdvcmtzcGFjZS9lbnRpdHkvUExBU1RJQ19MSU5FUl9hNzdlNzZiYy01M2YzLTQyMGQtOGIyZi03NjEwM2M4MTBmYWNhcm46YXdzOmlvdHR3aW5tYWtlcjp1cy1lYXN0LTE6MTY2ODAwNzY5MTc5OndvcmtzcGFjZS9BbGFybVdvcmtzcGFjZS9lbnRpdHkvTW90aW9uSW5kaWNhdG9yV2lkZ2V0XzFfYmYyOThlYTQtMzhjYy00OGJjLThmZmUtNjJkODIzZGVhMDgzYXJuOmF3czppb3R0d2lubWFrZXI6dXMtZWFzdC0xOjE2NjgwMDc2OTE3OTp3b3Jrc3BhY2UvQWxhcm1Xb3Jrc3BhY2UvZW50aXR5L01peGVyXzEzXzY4YmIwOWRkLTdmODktNDZlZS1iMDBhLWY1YTExMjZlNWU1ZGFybjphd3M6aW90dHdpbm1ha2VyOnVzLWVhc3QtMToxNjY4MDA3NjkxNzk6d29ya3NwYWNlL0FsYXJtV29ya3NwYWNlL2VudGl0eS9MQUJFTElOR19CRUxUXzkxN2FkNDU3LWRjYjUtNDc4MS1hNzM1LWRmMWM3YTQ4YWI5NGFybjphd3M6aW90dHdpbm1ha2VyOnVzLWVhc3QtMToxNjY4MDA3NjkxNzk6d29ya3NwYWNlL0FsYXJtV29ya3NwYWNlL2VudGl0eS9TaXRlV2F0Y2hDYW1lcmFzX2Q2MjEzMTBhLWU5NGEtNDg0MC1hM2FhLWJhMGJiYTRjN2Y4MWFybjphd3M6aW90dHdpbm1ha2VyOnVzLWVhc3QtMToxNjY4MDA3NjkxNzk6d29ya3NwYWNlL0FsYXJtV29ya3NwYWNlL2VudGl0eS9NaXhlcl8xNl8xZmI1NTBiMS04NjhmLTRlZmMtYjM5YS0wZTFjMGY2MTE4OTBhcm46YXdzOmlvdHR3aW5tYWtlcjp1cy1lYXN0LTE6MTY2ODAwNzY5MTc5OndvcmtzcGFjZS9BbGFybVdvcmtzcGFjZS9lbnRpdHkvQ09OVkVZT1JfTEVGVF9UVVJOX2QyZTcyZGE5LTMzMzMtNGEyNC05ZTIzLTBkZDY0YTgyOWM5NGFybjphd3M6aW90dHdpbm1ha2VyOnVzLWVhc3QtMToxNjY4MDA3NjkxNzk6d29ya3NwYWNlL0FsYXJtV29ya3NwYWNlL2VudGl0eS9XYXJlaG91c2VfUm9vbV9FXzYyYTA4MjY3LWE4OWYtNGEzYy04MjZlLTg0NGZjNTI3MzZlNWFybjphd3M6aW90dHdpbm1ha2VyOnVzLWVhc3QtMToxNjY4MDA3NjkxNzk6d29ya3NwYWNlL0FsYXJtV29ya3NwYWNlL2VudGl0eS9XYXJlaG91c2VfRmxvb3JzcGFjZV9CXzY2MzNkYzQ5LTViMGMtNGUwYi05NzNjLTkxYzdhNGVkZjQ3MGFybjphd3M6aW90dHdpbm1ha2VyOnVzLWVhc3QtMToxNjY4MDA3NjkxNzk6d29ya3NwYWNlL0FsYXJtV29ya3NwYWNlL2VudGl0eS9PZmZpY2VfUm9vbV9IX2Y5YmM4MjdlLWFmNjYtNDYzMC1hZmRlLTE5M2E5NDA2OTRmZGFybjphd3M6aW90dHdpbm1ha2VyOnVzLWVhc3QtMToxNjY4MDA3NjkxNzk6d29ya3NwYWNlL0FsYXJtV29ya3NwYWNlL2VudGl0eS9NaXhlcl8zXzMyMThjNmQ4LTYyN2UtNDY1Zi05YWVhLWNkYmNkMjEyNjI1YmFybjphd3M6aW90dHdpbm1ha2VyOnVzLWVhc3QtMToxNjY4MDA3NjkxNzk6d29ya3NwYWNlL0FsYXJtV29ya3NwYWNlL2VudGl0eS9CT1hfU0VBTEVSX2MxNjM4YjllLTI3ZTEtNGU3Ni05MDk2LTVjZTJhYTFkZTZmNGFybjphd3M6aW90dHdpbm1ha2VyOnVzLWVhc3QtMToxNjY4MDA3NjkxNzk6d29ya3NwYWNlL0FsYXJtV29ya3NwYWNlL2VudGl0eS9CT1hfRVJFQ1RPUl9jNzUwMzIyZC1iZDgzLTRhMTctOGI5Yy1hY2ZhNjJlZDZkNjRhcm46YXdzOmlvdHR3aW5tYWtlcjp1cy1lYXN0LTE6MTY2ODAwNzY5MTc5OndvcmtzcGFjZS9BbGFybVdvcmtzcGFjZS9lbnRpdHkvUEFMTEVUX2JiOTU4ZWU3LWU4YjktNDEyYy05MWE0LWFkZGEzZjkyNGJhNmFybjphd3M6aW90dHdpbm1ha2VyOnVzLWVhc3QtMToxNjY4MDA3NjkxNzk6d29ya3NwYWNlL0FsYXJtV29ya3NwYWNlL2VudGl0eS9DT09LSUVfTElORV81Y2U5ZjFkNS02MWIwLTQzM2YtYTg1MC01M2ZhN2NhMjdhYTFhcm46YXdzOmlvdHR3aW5tYWtlcjp1cy1lYXN0LTE6MTY2ODAwNzY5MTc5OndvcmtzcGFjZS9BbGFybVdvcmtzcGFjZS9lbnRpdHkvTW90aW9uSW5kaWNhdG9yV2lkZ2V0XzFfZGRkNTg0OWYtY2U1Yy00YzZhLTgwNTYtYzgyOWViZWU3YzI2YXJuOmF3czppb3R0d2lubWFrZXI6dXMtZWFzdC0xOjE2NjgwMDc2OTE3OTp3b3Jrc3BhY2UvQWxhcm1Xb3Jrc3BhY2UvZW50aXR5L01peGVyXzIyX2QxMzNjOWQwLTQ3MmMtNDhiYi04ZjE0LTU0ZjM4OTBiYzBmZWFybjphd3M6aW90dHdpbm1ha2VyOnVzLWVhc3QtMToxNjY4MDA3NjkxNzk6d29ya3NwYWNlL0FsYXJtV29ya3NwYWNlL2VudGl0eS9NaXhlcl8yMV9hMmZiMzliYS03Yzc2LTQwNjQtOTFmOC03OTI3MThiNjRmYzVhcm46YXdzOmlvdHR3aW5tYWtlcjp1cy1lYXN0LTE6MTY2ODAwNzY5MTc5OndvcmtzcGFjZS9BbGFybVdvcmtzcGFjZS9lbnRpdHkvVkVSVElDQUxfQ09OVkVZT1JfZDU0MjNmN2YtMzc5Yy00YTk3LWFhZTAtM2E1YzBiY2M5MTE2YXJuOmF3czppb3R0d2lubWFrZXI6dXMtZWFzdC0xOjE2NjgwMDc2OTE3OTp3b3Jrc3BhY2UvQWxhcm1Xb3Jrc3BhY2UvZW50aXR5L0JPWF9TRUFMRVJfOTFiY2VhYmMtZWYzZi00NzgzLWEwODAtMTBmYTI1NTU3ZmY4AAAQAAAADAAUABIADAAIAAQADAAAABAAAAAsAAAAOAAAAAAABAABAAAA2AIAAAAAAACQAQAAAAAAAHBYAAAAAAAAAAAAAAAAAAAAAAoADAAAAAgABAAKAAAACAAAAIAAAAADAAAATAAAACgAAAAEAAAAzP3//wgAAAAMAAAAAAAAAAAAAAAFAAAAcmVmSWQAAADs/f//CAAAAAwAAAAAAAAAAAAAAAQAAABuYW1lAAAAAAz+//8IAAAAGAAAAA0AAAB7ImN1c3RvbSI6e319AAAABAAAAG1ldGEAAAAABQAAAKQBAAA4AQAA1AAAAGwAAAAEAAAAgv7//xQAAAA4AAAAOAAAAAAABQE0AAAAAQAAAAQAAABw/v//CAAAAAwAAAADAAAAYXJuAAQAAABuYW1lAAAAAAAAAABg/v//AwAAAGFybgAAABIAGAAUAAAAEwAMAAAACAAEABIAAAAUAAAAPAAAAEQAAAAAAAAKRAAAAAEAAAAEAAAA1P7//wgAAAAQAAAABwAAAGNyZWF0ZWQABAAAAG5hbWUAAAAAAAAAAAAABgAIAAYABgAAAAAAAwAHAAAAY3JlYXRlZABK////FAAAAEAAAABAAAAAAAAFATwAAAABAAAABAAAADj///8IAAAAFAAAAAsAAABkZXNjcmlwdGlvbgAEAAAAbmFtZQAAAAAAAAAAMP///wsAAABkZXNjcmlwdGlvbgCq////FAAAADwAAAA8AAAAAAAFATgAAAABAAAABAAAAJj///8IAAAAEAAAAAQAAABuYW1lAAAAAAQAAABuYW1lAAAAAAAAAACM////BAAAAG5hbWUAABIAGAAUABMAEgAMAAAACAAEABIAAAAUAAAASAAAAEwAAAAAAAUBSAAAAAEAAAAMAAAACAAMAAgABAAIAAAACAAAABQAAAAIAAAAZW50aXR5SWQAAAAABAAAAG5hbWUAAAAAAAAAAAQABAAEAAAACAAAAGVudGl0eUlkAAAAAPACAABBUlJPVzE=
